<?xml version="1.0" encoding="ISO-8859-1" ?>
<link_info>
   <banner>MSP430 Linker PC v21.6.1.LTS</banner>
   <copyright>Copyright (c) 2003-2018 Texas Instruments Incorporated</copyright>
   <link_time>0x643cacfc</link_time>
   <link_errors>0x0</link_errors>
   <output_file>exp2.out</output_file>
   <entry_point>
      <name>_c_int00_noargs_mpu</name>
      <address>0x8c3a</address>
   </entry_point>
   <input_file_list>
      <input_file id="fl-2">
         <path>.\</path>
         <kind>object</kind>
         <file>blink.obj</file>
         <name>blink.obj</name>
      </input_file>
      <input_file id="fl-3">
         <path>.\DSPLib\source\filter\</path>
         <kind>object</kind>
         <file>msp_biquad_cascade_df1_q15.obj</file>
         <name>msp_biquad_cascade_df1_q15.obj</name>
      </input_file>
      <input_file id="fl-4">
         <path>.\DSPLib\source\filter\</path>
         <kind>object</kind>
         <file>msp_biquad_cascade_df2_ext_q15.obj</file>
         <name>msp_biquad_cascade_df2_ext_q15.obj</name>
      </input_file>
      <input_file id="fl-5">
         <path>.\DSPLib\source\filter\</path>
         <kind>object</kind>
         <file>msp_biquad_cascade_df2_q15.obj</file>
         <name>msp_biquad_cascade_df2_q15.obj</name>
      </input_file>
      <input_file id="fl-6">
         <path>.\DSPLib\source\filter\</path>
         <kind>object</kind>
         <file>msp_biquad_df1_q15.obj</file>
         <name>msp_biquad_df1_q15.obj</name>
      </input_file>
      <input_file id="fl-7">
         <path>.\DSPLib\source\filter\</path>
         <kind>object</kind>
         <file>msp_biquad_df2_ext_q15.obj</file>
         <name>msp_biquad_df2_ext_q15.obj</name>
      </input_file>
      <input_file id="fl-8">
         <path>.\DSPLib\source\filter\</path>
         <kind>object</kind>
         <file>msp_biquad_df2_q15.obj</file>
         <name>msp_biquad_df2_q15.obj</name>
      </input_file>
      <input_file id="fl-9">
         <path>.\DSPLib\source\filter\</path>
         <kind>object</kind>
         <file>msp_cmplx_fir_iq31.obj</file>
         <name>msp_cmplx_fir_iq31.obj</name>
      </input_file>
      <input_file id="fl-a">
         <path>.\DSPLib\source\filter\</path>
         <kind>object</kind>
         <file>msp_cmplx_fir_q15.obj</file>
         <name>msp_cmplx_fir_q15.obj</name>
      </input_file>
      <input_file id="fl-b">
         <path>.\DSPLib\source\filter\</path>
         <kind>object</kind>
         <file>msp_fir_iq31.obj</file>
         <name>msp_fir_iq31.obj</name>
      </input_file>
      <input_file id="fl-c">
         <path>.\DSPLib\source\filter\</path>
         <kind>object</kind>
         <file>msp_fir_q15.obj</file>
         <name>msp_fir_q15.obj</name>
      </input_file>
      <input_file id="fl-d">
         <path>.\DSPLib\source\lea\</path>
         <kind>object</kind>
         <file>msp_lea_flags.obj</file>
         <name>msp_lea_flags.obj</name>
      </input_file>
      <input_file id="fl-e">
         <path>.\DSPLib\source\lea\</path>
         <kind>object</kind>
         <file>msp_lea_init.obj</file>
         <name>msp_lea_init.obj</name>
      </input_file>
      <input_file id="fl-f">
         <path>.\DSPLib\source\lea\</path>
         <kind>object</kind>
         <file>msp_lea_isr.obj</file>
         <name>msp_lea_isr.obj</name>
      </input_file>
      <input_file id="fl-10">
         <path>.\DSPLib\source\lea\</path>
         <kind>object</kind>
         <file>msp_lea_patch.obj</file>
         <name>msp_lea_patch.obj</name>
      </input_file>
      <input_file id="fl-11">
         <path>.\DSPLib\source\matrix\</path>
         <kind>object</kind>
         <file>msp_matrix_abs_iq31.obj</file>
         <name>msp_matrix_abs_iq31.obj</name>
      </input_file>
      <input_file id="fl-12">
         <path>.\DSPLib\source\matrix\</path>
         <kind>object</kind>
         <file>msp_matrix_abs_q15.obj</file>
         <name>msp_matrix_abs_q15.obj</name>
      </input_file>
      <input_file id="fl-13">
         <path>.\DSPLib\source\matrix\</path>
         <kind>object</kind>
         <file>msp_matrix_add_iq31.obj</file>
         <name>msp_matrix_add_iq31.obj</name>
      </input_file>
      <input_file id="fl-14">
         <path>.\DSPLib\source\matrix\</path>
         <kind>object</kind>
         <file>msp_matrix_add_q15.obj</file>
         <name>msp_matrix_add_q15.obj</name>
      </input_file>
      <input_file id="fl-15">
         <path>.\DSPLib\source\matrix\</path>
         <kind>object</kind>
         <file>msp_matrix_mpy_iq31.obj</file>
         <name>msp_matrix_mpy_iq31.obj</name>
      </input_file>
      <input_file id="fl-16">
         <path>.\DSPLib\source\matrix\</path>
         <kind>object</kind>
         <file>msp_matrix_mpy_q15.obj</file>
         <name>msp_matrix_mpy_q15.obj</name>
      </input_file>
      <input_file id="fl-17">
         <path>.\DSPLib\source\matrix\</path>
         <kind>object</kind>
         <file>msp_matrix_neg_iq31.obj</file>
         <name>msp_matrix_neg_iq31.obj</name>
      </input_file>
      <input_file id="fl-18">
         <path>.\DSPLib\source\matrix\</path>
         <kind>object</kind>
         <file>msp_matrix_neg_q15.obj</file>
         <name>msp_matrix_neg_q15.obj</name>
      </input_file>
      <input_file id="fl-19">
         <path>.\DSPLib\source\matrix\</path>
         <kind>object</kind>
         <file>msp_matrix_offset_iq31.obj</file>
         <name>msp_matrix_offset_iq31.obj</name>
      </input_file>
      <input_file id="fl-1a">
         <path>.\DSPLib\source\matrix\</path>
         <kind>object</kind>
         <file>msp_matrix_offset_q15.obj</file>
         <name>msp_matrix_offset_q15.obj</name>
      </input_file>
      <input_file id="fl-1b">
         <path>.\DSPLib\source\matrix\</path>
         <kind>object</kind>
         <file>msp_matrix_scale_iq31.obj</file>
         <name>msp_matrix_scale_iq31.obj</name>
      </input_file>
      <input_file id="fl-1c">
         <path>.\DSPLib\source\matrix\</path>
         <kind>object</kind>
         <file>msp_matrix_scale_q15.obj</file>
         <name>msp_matrix_scale_q15.obj</name>
      </input_file>
      <input_file id="fl-1d">
         <path>.\DSPLib\source\matrix\</path>
         <kind>object</kind>
         <file>msp_matrix_shift_iq31.obj</file>
         <name>msp_matrix_shift_iq31.obj</name>
      </input_file>
      <input_file id="fl-1e">
         <path>.\DSPLib\source\matrix\</path>
         <kind>object</kind>
         <file>msp_matrix_shift_q15.obj</file>
         <name>msp_matrix_shift_q15.obj</name>
      </input_file>
      <input_file id="fl-1f">
         <path>.\DSPLib\source\matrix\</path>
         <kind>object</kind>
         <file>msp_matrix_sub_iq31.obj</file>
         <name>msp_matrix_sub_iq31.obj</name>
      </input_file>
      <input_file id="fl-20">
         <path>.\DSPLib\source\matrix\</path>
         <kind>object</kind>
         <file>msp_matrix_sub_q15.obj</file>
         <name>msp_matrix_sub_q15.obj</name>
      </input_file>
      <input_file id="fl-21">
         <path>.\DSPLib\source\matrix\</path>
         <kind>object</kind>
         <file>msp_matrix_trans_iq31.obj</file>
         <name>msp_matrix_trans_iq31.obj</name>
      </input_file>
      <input_file id="fl-22">
         <path>.\DSPLib\source\matrix\</path>
         <kind>object</kind>
         <file>msp_matrix_trans_q15.obj</file>
         <name>msp_matrix_trans_q15.obj</name>
      </input_file>
      <input_file id="fl-23">
         <path>.\DSPLib\source\transform\</path>
         <kind>object</kind>
         <file>msp_cmplx_bitrev_iq31.obj</file>
         <name>msp_cmplx_bitrev_iq31.obj</name>
      </input_file>
      <input_file id="fl-24">
         <path>.\DSPLib\source\transform\</path>
         <kind>object</kind>
         <file>msp_cmplx_bitrev_q15.obj</file>
         <name>msp_cmplx_bitrev_q15.obj</name>
      </input_file>
      <input_file id="fl-25">
         <path>.\DSPLib\source\transform\</path>
         <kind>object</kind>
         <file>msp_cmplx_fft_auto_q15.obj</file>
         <name>msp_cmplx_fft_auto_q15.obj</name>
      </input_file>
      <input_file id="fl-26">
         <path>.\DSPLib\source\transform\</path>
         <kind>object</kind>
         <file>msp_cmplx_fft_fixed_q15.obj</file>
         <name>msp_cmplx_fft_fixed_q15.obj</name>
      </input_file>
      <input_file id="fl-27">
         <path>.\DSPLib\source\transform\</path>
         <kind>object</kind>
         <file>msp_cmplx_fft_iq31.obj</file>
         <name>msp_cmplx_fft_iq31.obj</name>
      </input_file>
      <input_file id="fl-28">
         <path>.\DSPLib\source\transform\</path>
         <kind>object</kind>
         <file>msp_cmplx_ifft_auto_q15.obj</file>
         <name>msp_cmplx_ifft_auto_q15.obj</name>
      </input_file>
      <input_file id="fl-29">
         <path>.\DSPLib\source\transform\</path>
         <kind>object</kind>
         <file>msp_cmplx_ifft_fixed_q15.obj</file>
         <name>msp_cmplx_ifft_fixed_q15.obj</name>
      </input_file>
      <input_file id="fl-2a">
         <path>.\DSPLib\source\transform\</path>
         <kind>object</kind>
         <file>msp_cmplx_ifft_iq31.obj</file>
         <name>msp_cmplx_ifft_iq31.obj</name>
      </input_file>
      <input_file id="fl-2b">
         <path>.\DSPLib\source\transform\</path>
         <kind>object</kind>
         <file>msp_fft_auto_q15.obj</file>
         <name>msp_fft_auto_q15.obj</name>
      </input_file>
      <input_file id="fl-2c">
         <path>.\DSPLib\source\transform\</path>
         <kind>object</kind>
         <file>msp_fft_fixed_q15.obj</file>
         <name>msp_fft_fixed_q15.obj</name>
      </input_file>
      <input_file id="fl-2d">
         <path>.\DSPLib\source\transform\</path>
         <kind>object</kind>
         <file>msp_fft_iq31.obj</file>
         <name>msp_fft_iq31.obj</name>
      </input_file>
      <input_file id="fl-2e">
         <path>.\DSPLib\source\transform\</path>
         <kind>object</kind>
         <file>msp_ifft_auto_q15.obj</file>
         <name>msp_ifft_auto_q15.obj</name>
      </input_file>
      <input_file id="fl-2f">
         <path>.\DSPLib\source\transform\</path>
         <kind>object</kind>
         <file>msp_ifft_fixed_q15.obj</file>
         <name>msp_ifft_fixed_q15.obj</name>
      </input_file>
      <input_file id="fl-30">
         <path>.\DSPLib\source\transform\</path>
         <kind>object</kind>
         <file>msp_ifft_iq31.obj</file>
         <name>msp_ifft_iq31.obj</name>
      </input_file>
      <input_file id="fl-31">
         <path>.\DSPLib\source\transform\</path>
         <kind>object</kind>
         <file>msp_split_iq31.obj</file>
         <name>msp_split_iq31.obj</name>
      </input_file>
      <input_file id="fl-32">
         <path>.\DSPLib\source\transform\</path>
         <kind>object</kind>
         <file>msp_split_q15.obj</file>
         <name>msp_split_q15.obj</name>
      </input_file>
      <input_file id="fl-33">
         <path>.\DSPLib\source\transform\</path>
         <kind>object</kind>
         <file>msp_transform_tables.obj</file>
         <name>msp_transform_tables.obj</name>
      </input_file>
      <input_file id="fl-34">
         <path>.\DSPLib\source\utility\</path>
         <kind>object</kind>
         <file>msp_cmplx_fill_iq31.obj</file>
         <name>msp_cmplx_fill_iq31.obj</name>
      </input_file>
      <input_file id="fl-35">
         <path>.\DSPLib\source\utility\</path>
         <kind>object</kind>
         <file>msp_cmplx_fill_q15.obj</file>
         <name>msp_cmplx_fill_q15.obj</name>
      </input_file>
      <input_file id="fl-36">
         <path>.\DSPLib\source\utility\</path>
         <kind>object</kind>
         <file>msp_cmplx_iq31.obj</file>
         <name>msp_cmplx_iq31.obj</name>
      </input_file>
      <input_file id="fl-37">
         <path>.\DSPLib\source\utility\</path>
         <kind>object</kind>
         <file>msp_cmplx_q15.obj</file>
         <name>msp_cmplx_q15.obj</name>
      </input_file>
      <input_file id="fl-38">
         <path>.\DSPLib\source\utility\</path>
         <kind>object</kind>
         <file>msp_copy_iq31.obj</file>
         <name>msp_copy_iq31.obj</name>
      </input_file>
      <input_file id="fl-39">
         <path>.\DSPLib\source\utility\</path>
         <kind>object</kind>
         <file>msp_copy_q15.obj</file>
         <name>msp_copy_q15.obj</name>
      </input_file>
      <input_file id="fl-3a">
         <path>.\DSPLib\source\utility\</path>
         <kind>object</kind>
         <file>msp_deinterleave_iq31.obj</file>
         <name>msp_deinterleave_iq31.obj</name>
      </input_file>
      <input_file id="fl-3b">
         <path>.\DSPLib\source\utility\</path>
         <kind>object</kind>
         <file>msp_deinterleave_q15.obj</file>
         <name>msp_deinterleave_q15.obj</name>
      </input_file>
      <input_file id="fl-3c">
         <path>.\DSPLib\source\utility\</path>
         <kind>object</kind>
         <file>msp_fill_iq31.obj</file>
         <name>msp_fill_iq31.obj</name>
      </input_file>
      <input_file id="fl-3d">
         <path>.\DSPLib\source\utility\</path>
         <kind>object</kind>
         <file>msp_fill_q15.obj</file>
         <name>msp_fill_q15.obj</name>
      </input_file>
      <input_file id="fl-3e">
         <path>.\DSPLib\source\utility\</path>
         <kind>object</kind>
         <file>msp_interleave_iq31.obj</file>
         <name>msp_interleave_iq31.obj</name>
      </input_file>
      <input_file id="fl-3f">
         <path>.\DSPLib\source\utility\</path>
         <kind>object</kind>
         <file>msp_interleave_q15.obj</file>
         <name>msp_interleave_q15.obj</name>
      </input_file>
      <input_file id="fl-40">
         <path>.\DSPLib\source\utility\</path>
         <kind>object</kind>
         <file>msp_iq31_to_q15.obj</file>
         <name>msp_iq31_to_q15.obj</name>
      </input_file>
      <input_file id="fl-41">
         <path>.\DSPLib\source\utility\</path>
         <kind>object</kind>
         <file>msp_q15_to_iq31.obj</file>
         <name>msp_q15_to_iq31.obj</name>
      </input_file>
      <input_file id="fl-42">
         <path>.\DSPLib\source\utility\</path>
         <kind>object</kind>
         <file>msp_sinusoid_q15.obj</file>
         <name>msp_sinusoid_q15.obj</name>
      </input_file>
      <input_file id="fl-43">
         <path>.\DSPLib\source\vector\</path>
         <kind>object</kind>
         <file>msp_abs_iq31.obj</file>
         <name>msp_abs_iq31.obj</name>
      </input_file>
      <input_file id="fl-44">
         <path>.\DSPLib\source\vector\</path>
         <kind>object</kind>
         <file>msp_abs_q15.obj</file>
         <name>msp_abs_q15.obj</name>
      </input_file>
      <input_file id="fl-45">
         <path>.\DSPLib\source\vector\</path>
         <kind>object</kind>
         <file>msp_add_iq31.obj</file>
         <name>msp_add_iq31.obj</name>
      </input_file>
      <input_file id="fl-46">
         <path>.\DSPLib\source\vector\</path>
         <kind>object</kind>
         <file>msp_add_q15.obj</file>
         <name>msp_add_q15.obj</name>
      </input_file>
      <input_file id="fl-47">
         <path>.\DSPLib\source\vector\</path>
         <kind>object</kind>
         <file>msp_cmplx_add_iq31.obj</file>
         <name>msp_cmplx_add_iq31.obj</name>
      </input_file>
      <input_file id="fl-48">
         <path>.\DSPLib\source\vector\</path>
         <kind>object</kind>
         <file>msp_cmplx_add_q15.obj</file>
         <name>msp_cmplx_add_q15.obj</name>
      </input_file>
      <input_file id="fl-49">
         <path>.\DSPLib\source\vector\</path>
         <kind>object</kind>
         <file>msp_cmplx_conj_iq31.obj</file>
         <name>msp_cmplx_conj_iq31.obj</name>
      </input_file>
      <input_file id="fl-4a">
         <path>.\DSPLib\source\vector\</path>
         <kind>object</kind>
         <file>msp_cmplx_conj_q15.obj</file>
         <name>msp_cmplx_conj_q15.obj</name>
      </input_file>
      <input_file id="fl-4b">
         <path>.\DSPLib\source\vector\</path>
         <kind>object</kind>
         <file>msp_cmplx_mac_iq31.obj</file>
         <name>msp_cmplx_mac_iq31.obj</name>
      </input_file>
      <input_file id="fl-4c">
         <path>.\DSPLib\source\vector\</path>
         <kind>object</kind>
         <file>msp_cmplx_mac_q15.obj</file>
         <name>msp_cmplx_mac_q15.obj</name>
      </input_file>
      <input_file id="fl-4d">
         <path>.\DSPLib\source\vector\</path>
         <kind>object</kind>
         <file>msp_cmplx_mpy_iq31.obj</file>
         <name>msp_cmplx_mpy_iq31.obj</name>
      </input_file>
      <input_file id="fl-4e">
         <path>.\DSPLib\source\vector\</path>
         <kind>object</kind>
         <file>msp_cmplx_mpy_q15.obj</file>
         <name>msp_cmplx_mpy_q15.obj</name>
      </input_file>
      <input_file id="fl-4f">
         <path>.\DSPLib\source\vector\</path>
         <kind>object</kind>
         <file>msp_cmplx_mpy_real_iq31.obj</file>
         <name>msp_cmplx_mpy_real_iq31.obj</name>
      </input_file>
      <input_file id="fl-50">
         <path>.\DSPLib\source\vector\</path>
         <kind>object</kind>
         <file>msp_cmplx_mpy_real_q15.obj</file>
         <name>msp_cmplx_mpy_real_q15.obj</name>
      </input_file>
      <input_file id="fl-51">
         <path>.\DSPLib\source\vector\</path>
         <kind>object</kind>
         <file>msp_cmplx_scale_iq31.obj</file>
         <name>msp_cmplx_scale_iq31.obj</name>
      </input_file>
      <input_file id="fl-52">
         <path>.\DSPLib\source\vector\</path>
         <kind>object</kind>
         <file>msp_cmplx_scale_q15.obj</file>
         <name>msp_cmplx_scale_q15.obj</name>
      </input_file>
      <input_file id="fl-53">
         <path>.\DSPLib\source\vector\</path>
         <kind>object</kind>
         <file>msp_cmplx_shift_iq31.obj</file>
         <name>msp_cmplx_shift_iq31.obj</name>
      </input_file>
      <input_file id="fl-54">
         <path>.\DSPLib\source\vector\</path>
         <kind>object</kind>
         <file>msp_cmplx_shift_q15.obj</file>
         <name>msp_cmplx_shift_q15.obj</name>
      </input_file>
      <input_file id="fl-55">
         <path>.\DSPLib\source\vector\</path>
         <kind>object</kind>
         <file>msp_cmplx_sub_iq31.obj</file>
         <name>msp_cmplx_sub_iq31.obj</name>
      </input_file>
      <input_file id="fl-56">
         <path>.\DSPLib\source\vector\</path>
         <kind>object</kind>
         <file>msp_cmplx_sub_q15.obj</file>
         <name>msp_cmplx_sub_q15.obj</name>
      </input_file>
      <input_file id="fl-57">
         <path>.\DSPLib\source\vector\</path>
         <kind>object</kind>
         <file>msp_mac_iq31.obj</file>
         <name>msp_mac_iq31.obj</name>
      </input_file>
      <input_file id="fl-58">
         <path>.\DSPLib\source\vector\</path>
         <kind>object</kind>
         <file>msp_mac_q15.obj</file>
         <name>msp_mac_q15.obj</name>
      </input_file>
      <input_file id="fl-59">
         <path>.\DSPLib\source\vector\</path>
         <kind>object</kind>
         <file>msp_max_iq31.obj</file>
         <name>msp_max_iq31.obj</name>
      </input_file>
      <input_file id="fl-5a">
         <path>.\DSPLib\source\vector\</path>
         <kind>object</kind>
         <file>msp_max_q15.obj</file>
         <name>msp_max_q15.obj</name>
      </input_file>
      <input_file id="fl-5b">
         <path>.\DSPLib\source\vector\</path>
         <kind>object</kind>
         <file>msp_max_uq15.obj</file>
         <name>msp_max_uq15.obj</name>
      </input_file>
      <input_file id="fl-5c">
         <path>.\DSPLib\source\vector\</path>
         <kind>object</kind>
         <file>msp_max_uq31.obj</file>
         <name>msp_max_uq31.obj</name>
      </input_file>
      <input_file id="fl-5d">
         <path>.\DSPLib\source\vector\</path>
         <kind>object</kind>
         <file>msp_min_iq31.obj</file>
         <name>msp_min_iq31.obj</name>
      </input_file>
      <input_file id="fl-5e">
         <path>.\DSPLib\source\vector\</path>
         <kind>object</kind>
         <file>msp_min_q15.obj</file>
         <name>msp_min_q15.obj</name>
      </input_file>
      <input_file id="fl-5f">
         <path>.\DSPLib\source\vector\</path>
         <kind>object</kind>
         <file>msp_min_uq15.obj</file>
         <name>msp_min_uq15.obj</name>
      </input_file>
      <input_file id="fl-60">
         <path>.\DSPLib\source\vector\</path>
         <kind>object</kind>
         <file>msp_min_uq31.obj</file>
         <name>msp_min_uq31.obj</name>
      </input_file>
      <input_file id="fl-61">
         <path>.\DSPLib\source\vector\</path>
         <kind>object</kind>
         <file>msp_mpy_iq31.obj</file>
         <name>msp_mpy_iq31.obj</name>
      </input_file>
      <input_file id="fl-62">
         <path>.\DSPLib\source\vector\</path>
         <kind>object</kind>
         <file>msp_mpy_q15.obj</file>
         <name>msp_mpy_q15.obj</name>
      </input_file>
      <input_file id="fl-63">
         <path>.\DSPLib\source\vector\</path>
         <kind>object</kind>
         <file>msp_neg_iq31.obj</file>
         <name>msp_neg_iq31.obj</name>
      </input_file>
      <input_file id="fl-64">
         <path>.\DSPLib\source\vector\</path>
         <kind>object</kind>
         <file>msp_neg_q15.obj</file>
         <name>msp_neg_q15.obj</name>
      </input_file>
      <input_file id="fl-65">
         <path>.\DSPLib\source\vector\</path>
         <kind>object</kind>
         <file>msp_offset_iq31.obj</file>
         <name>msp_offset_iq31.obj</name>
      </input_file>
      <input_file id="fl-66">
         <path>.\DSPLib\source\vector\</path>
         <kind>object</kind>
         <file>msp_offset_q15.obj</file>
         <name>msp_offset_q15.obj</name>
      </input_file>
      <input_file id="fl-67">
         <path>.\DSPLib\source\vector\</path>
         <kind>object</kind>
         <file>msp_scale_iq31.obj</file>
         <name>msp_scale_iq31.obj</name>
      </input_file>
      <input_file id="fl-68">
         <path>.\DSPLib\source\vector\</path>
         <kind>object</kind>
         <file>msp_scale_q15.obj</file>
         <name>msp_scale_q15.obj</name>
      </input_file>
      <input_file id="fl-69">
         <path>.\DSPLib\source\vector\</path>
         <kind>object</kind>
         <file>msp_shift_iq31.obj</file>
         <name>msp_shift_iq31.obj</name>
      </input_file>
      <input_file id="fl-6a">
         <path>.\DSPLib\source\vector\</path>
         <kind>object</kind>
         <file>msp_shift_q15.obj</file>
         <name>msp_shift_q15.obj</name>
      </input_file>
      <input_file id="fl-6b">
         <path>.\DSPLib\source\vector\</path>
         <kind>object</kind>
         <file>msp_sub_iq31.obj</file>
         <name>msp_sub_iq31.obj</name>
      </input_file>
      <input_file id="fl-6c">
         <path>.\DSPLib\source\vector\</path>
         <kind>object</kind>
         <file>msp_sub_q15.obj</file>
         <name>msp_sub_q15.obj</name>
      </input_file>
      <input_file id="fl-6d">
         <path>.\FatFs\</path>
         <kind>object</kind>
         <file>ff.obj</file>
         <name>ff.obj</name>
      </input_file>
      <input_file id="fl-6e">
         <path>.\FatFs\</path>
         <kind>object</kind>
         <file>mmc.obj</file>
         <name>mmc.obj</name>
      </input_file>
      <input_file id="fl-6f">
         <path>.\HAL\</path>
         <kind>object</kind>
         <file>HAL_SDCard.obj</file>
         <name>HAL_SDCard.obj</name>
      </input_file>
      <input_file id="fl-70">
         <path>.\SDCardLib\</path>
         <kind>object</kind>
         <file>sdcard.obj</file>
         <name>sdcard.obj</name>
      </input_file>
      <input_file id="fl-71">
         <path>.\driverlib\MSP430FR5xx_6xx\</path>
         <kind>object</kind>
         <file>adc12_b.obj</file>
         <name>adc12_b.obj</name>
      </input_file>
      <input_file id="fl-72">
         <path>.\driverlib\MSP430FR5xx_6xx\</path>
         <kind>object</kind>
         <file>aes256.obj</file>
         <name>aes256.obj</name>
      </input_file>
      <input_file id="fl-73">
         <path>.\driverlib\MSP430FR5xx_6xx\</path>
         <kind>object</kind>
         <file>comp_e.obj</file>
         <name>comp_e.obj</name>
      </input_file>
      <input_file id="fl-74">
         <path>.\driverlib\MSP430FR5xx_6xx\</path>
         <kind>object</kind>
         <file>crc.obj</file>
         <name>crc.obj</name>
      </input_file>
      <input_file id="fl-75">
         <path>.\driverlib\MSP430FR5xx_6xx\</path>
         <kind>object</kind>
         <file>crc32.obj</file>
         <name>crc32.obj</name>
      </input_file>
      <input_file id="fl-76">
         <path>.\driverlib\MSP430FR5xx_6xx\</path>
         <kind>object</kind>
         <file>cs.obj</file>
         <name>cs.obj</name>
      </input_file>
      <input_file id="fl-77">
         <path>.\driverlib\MSP430FR5xx_6xx\</path>
         <kind>object</kind>
         <file>dma.obj</file>
         <name>dma.obj</name>
      </input_file>
      <input_file id="fl-78">
         <path>.\driverlib\MSP430FR5xx_6xx\</path>
         <kind>object</kind>
         <file>esi.obj</file>
         <name>esi.obj</name>
      </input_file>
      <input_file id="fl-79">
         <path>.\driverlib\MSP430FR5xx_6xx\</path>
         <kind>object</kind>
         <file>eusci_a_spi.obj</file>
         <name>eusci_a_spi.obj</name>
      </input_file>
      <input_file id="fl-7a">
         <path>.\driverlib\MSP430FR5xx_6xx\</path>
         <kind>object</kind>
         <file>eusci_a_uart.obj</file>
         <name>eusci_a_uart.obj</name>
      </input_file>
      <input_file id="fl-7b">
         <path>.\driverlib\MSP430FR5xx_6xx\</path>
         <kind>object</kind>
         <file>eusci_b_i2c.obj</file>
         <name>eusci_b_i2c.obj</name>
      </input_file>
      <input_file id="fl-7c">
         <path>.\driverlib\MSP430FR5xx_6xx\</path>
         <kind>object</kind>
         <file>eusci_b_spi.obj</file>
         <name>eusci_b_spi.obj</name>
      </input_file>
      <input_file id="fl-7d">
         <path>.\driverlib\MSP430FR5xx_6xx\</path>
         <kind>object</kind>
         <file>framctl.obj</file>
         <name>framctl.obj</name>
      </input_file>
      <input_file id="fl-7e">
         <path>.\driverlib\MSP430FR5xx_6xx\</path>
         <kind>object</kind>
         <file>framctl_a.obj</file>
         <name>framctl_a.obj</name>
      </input_file>
      <input_file id="fl-7f">
         <path>.\driverlib\MSP430FR5xx_6xx\</path>
         <kind>object</kind>
         <file>gpio.obj</file>
         <name>gpio.obj</name>
      </input_file>
      <input_file id="fl-80">
         <path>.\driverlib\MSP430FR5xx_6xx\</path>
         <kind>object</kind>
         <file>lcd_c.obj</file>
         <name>lcd_c.obj</name>
      </input_file>
      <input_file id="fl-81">
         <path>.\driverlib\MSP430FR5xx_6xx\</path>
         <kind>object</kind>
         <file>mpu.obj</file>
         <name>mpu.obj</name>
      </input_file>
      <input_file id="fl-82">
         <path>.\driverlib\MSP430FR5xx_6xx\</path>
         <kind>object</kind>
         <file>mpy32.obj</file>
         <name>mpy32.obj</name>
      </input_file>
      <input_file id="fl-83">
         <path>.\driverlib\MSP430FR5xx_6xx\</path>
         <kind>object</kind>
         <file>pmm.obj</file>
         <name>pmm.obj</name>
      </input_file>
      <input_file id="fl-84">
         <path>.\driverlib\MSP430FR5xx_6xx\</path>
         <kind>object</kind>
         <file>ram.obj</file>
         <name>ram.obj</name>
      </input_file>
      <input_file id="fl-85">
         <path>.\driverlib\MSP430FR5xx_6xx\</path>
         <kind>object</kind>
         <file>ref_a.obj</file>
         <name>ref_a.obj</name>
      </input_file>
      <input_file id="fl-86">
         <path>.\driverlib\MSP430FR5xx_6xx\</path>
         <kind>object</kind>
         <file>rtc_b.obj</file>
         <name>rtc_b.obj</name>
      </input_file>
      <input_file id="fl-87">
         <path>.\driverlib\MSP430FR5xx_6xx\</path>
         <kind>object</kind>
         <file>rtc_c.obj</file>
         <name>rtc_c.obj</name>
      </input_file>
      <input_file id="fl-88">
         <path>.\driverlib\MSP430FR5xx_6xx\</path>
         <kind>object</kind>
         <file>sfr.obj</file>
         <name>sfr.obj</name>
      </input_file>
      <input_file id="fl-89">
         <path>.\driverlib\MSP430FR5xx_6xx\</path>
         <kind>object</kind>
         <file>sysctl.obj</file>
         <name>sysctl.obj</name>
      </input_file>
      <input_file id="fl-8a">
         <path>.\driverlib\MSP430FR5xx_6xx\</path>
         <kind>object</kind>
         <file>timer_a.obj</file>
         <name>timer_a.obj</name>
      </input_file>
      <input_file id="fl-8b">
         <path>.\driverlib\MSP430FR5xx_6xx\</path>
         <kind>object</kind>
         <file>timer_b.obj</file>
         <name>timer_b.obj</name>
      </input_file>
      <input_file id="fl-8c">
         <path>.\driverlib\MSP430FR5xx_6xx\</path>
         <kind>object</kind>
         <file>tlv.obj</file>
         <name>tlv.obj</name>
      </input_file>
      <input_file id="fl-8d">
         <path>.\driverlib\MSP430FR5xx_6xx\</path>
         <kind>object</kind>
         <file>wdt_a.obj</file>
         <name>wdt_a.obj</name>
      </input_file>
      <input_file id="fl-8e">
         <path>.\lenet\</path>
         <kind>object</kind>
         <file>lenet.obj</file>
         <name>lenet.obj</name>
      </input_file>
      <input_file id="fl-8f">
         <path>.\sprinter\</path>
         <kind>object</kind>
         <file>sprinter.obj</file>
         <name>sprinter.obj</name>
      </input_file>
      <input_file id="fl-96">
         <kind>object</kind>
         <file>&lt;internal&gt;</file>
         <name>&lt;internal&gt;</name>
      </input_file>
      <input_file id="fl-b6">
         <path>C:\ti\ccs1220\ccs\tools\compiler\ti-cgt-msp430_21.6.1.LTS\lib\</path>
         <kind>archive</kind>
         <file>rts430x_lc_rd_eabi.lib</file>
         <name>copy_decompress_lzss.c.obj</name>
      </input_file>
      <input_file id="fl-b7">
         <path>C:\ti\ccs1220\ccs\tools\compiler\ti-cgt-msp430_21.6.1.LTS\lib\</path>
         <kind>archive</kind>
         <file>rts430x_lc_rd_eabi.lib</file>
         <name>copy_decompress_none.c.obj</name>
      </input_file>
      <input_file id="fl-b8">
         <path>C:\ti\ccs1220\ccs\tools\compiler\ti-cgt-msp430_21.6.1.LTS\lib\</path>
         <kind>archive</kind>
         <file>rts430x_lc_rd_eabi.lib</file>
         <name>int19.asm.obj</name>
      </input_file>
      <input_file id="fl-b9">
         <path>C:\ti\ccs1220\ccs\tools\compiler\ti-cgt-msp430_21.6.1.LTS\lib\</path>
         <kind>archive</kind>
         <file>rts430x_lc_rd_eabi.lib</file>
         <name>isr_trap.asm.obj</name>
      </input_file>
      <input_file id="fl-ba">
         <path>C:\ti\ccs1220\ccs\tools\compiler\ti-cgt-msp430_21.6.1.LTS\lib\</path>
         <kind>archive</kind>
         <file>rts430x_lc_rd_eabi.lib</file>
         <name>int20.asm.obj</name>
      </input_file>
      <input_file id="fl-bb">
         <path>C:\ti\ccs1220\ccs\tools\compiler\ti-cgt-msp430_21.6.1.LTS\lib\</path>
         <kind>archive</kind>
         <file>rts430x_lc_rd_eabi.lib</file>
         <name>int21.asm.obj</name>
      </input_file>
      <input_file id="fl-bc">
         <path>C:\ti\ccs1220\ccs\tools\compiler\ti-cgt-msp430_21.6.1.LTS\lib\</path>
         <kind>archive</kind>
         <file>rts430x_lc_rd_eabi.lib</file>
         <name>int22.asm.obj</name>
      </input_file>
      <input_file id="fl-bd">
         <path>C:\ti\ccs1220\ccs\tools\compiler\ti-cgt-msp430_21.6.1.LTS\lib\</path>
         <kind>archive</kind>
         <file>rts430x_lc_rd_eabi.lib</file>
         <name>int23.asm.obj</name>
      </input_file>
      <input_file id="fl-be">
         <path>C:\ti\ccs1220\ccs\tools\compiler\ti-cgt-msp430_21.6.1.LTS\lib\</path>
         <kind>archive</kind>
         <file>rts430x_lc_rd_eabi.lib</file>
         <name>int24.asm.obj</name>
      </input_file>
      <input_file id="fl-bf">
         <path>C:\ti\ccs1220\ccs\tools\compiler\ti-cgt-msp430_21.6.1.LTS\lib\</path>
         <kind>archive</kind>
         <file>rts430x_lc_rd_eabi.lib</file>
         <name>int25.asm.obj</name>
      </input_file>
      <input_file id="fl-c0">
         <path>C:\ti\ccs1220\ccs\tools\compiler\ti-cgt-msp430_21.6.1.LTS\lib\</path>
         <kind>archive</kind>
         <file>rts430x_lc_rd_eabi.lib</file>
         <name>int26.asm.obj</name>
      </input_file>
      <input_file id="fl-c1">
         <path>C:\ti\ccs1220\ccs\tools\compiler\ti-cgt-msp430_21.6.1.LTS\lib\</path>
         <kind>archive</kind>
         <file>rts430x_lc_rd_eabi.lib</file>
         <name>int27.asm.obj</name>
      </input_file>
      <input_file id="fl-c2">
         <path>C:\ti\ccs1220\ccs\tools\compiler\ti-cgt-msp430_21.6.1.LTS\lib\</path>
         <kind>archive</kind>
         <file>rts430x_lc_rd_eabi.lib</file>
         <name>int28.asm.obj</name>
      </input_file>
      <input_file id="fl-c3">
         <path>C:\ti\ccs1220\ccs\tools\compiler\ti-cgt-msp430_21.6.1.LTS\lib\</path>
         <kind>archive</kind>
         <file>rts430x_lc_rd_eabi.lib</file>
         <name>int29.asm.obj</name>
      </input_file>
      <input_file id="fl-c4">
         <path>C:\ti\ccs1220\ccs\tools\compiler\ti-cgt-msp430_21.6.1.LTS\lib\</path>
         <kind>archive</kind>
         <file>rts430x_lc_rd_eabi.lib</file>
         <name>int30.asm.obj</name>
      </input_file>
      <input_file id="fl-c5">
         <path>C:\ti\ccs1220\ccs\tools\compiler\ti-cgt-msp430_21.6.1.LTS\lib\</path>
         <kind>archive</kind>
         <file>rts430x_lc_rd_eabi.lib</file>
         <name>int31.asm.obj</name>
      </input_file>
      <input_file id="fl-c6">
         <path>C:\ti\ccs1220\ccs\tools\compiler\ti-cgt-msp430_21.6.1.LTS\lib\</path>
         <kind>archive</kind>
         <file>rts430x_lc_rd_eabi.lib</file>
         <name>int32.asm.obj</name>
      </input_file>
      <input_file id="fl-c7">
         <path>C:\ti\ccs1220\ccs\tools\compiler\ti-cgt-msp430_21.6.1.LTS\lib\</path>
         <kind>archive</kind>
         <file>rts430x_lc_rd_eabi.lib</file>
         <name>int33.asm.obj</name>
      </input_file>
      <input_file id="fl-c8">
         <path>C:\ti\ccs1220\ccs\tools\compiler\ti-cgt-msp430_21.6.1.LTS\lib\</path>
         <kind>archive</kind>
         <file>rts430x_lc_rd_eabi.lib</file>
         <name>int34.asm.obj</name>
      </input_file>
      <input_file id="fl-c9">
         <path>C:\ti\ccs1220\ccs\tools\compiler\ti-cgt-msp430_21.6.1.LTS\lib\</path>
         <kind>archive</kind>
         <file>rts430x_lc_rd_eabi.lib</file>
         <name>int35.asm.obj</name>
      </input_file>
      <input_file id="fl-ca">
         <path>C:\ti\ccs1220\ccs\tools\compiler\ti-cgt-msp430_21.6.1.LTS\lib\</path>
         <kind>archive</kind>
         <file>rts430x_lc_rd_eabi.lib</file>
         <name>int36.asm.obj</name>
      </input_file>
      <input_file id="fl-cb">
         <path>C:\ti\ccs1220\ccs\tools\compiler\ti-cgt-msp430_21.6.1.LTS\lib\</path>
         <kind>archive</kind>
         <file>rts430x_lc_rd_eabi.lib</file>
         <name>int37.asm.obj</name>
      </input_file>
      <input_file id="fl-cc">
         <path>C:\ti\ccs1220\ccs\tools\compiler\ti-cgt-msp430_21.6.1.LTS\lib\</path>
         <kind>archive</kind>
         <file>rts430x_lc_rd_eabi.lib</file>
         <name>int38.asm.obj</name>
      </input_file>
      <input_file id="fl-cd">
         <path>C:\ti\ccs1220\ccs\tools\compiler\ti-cgt-msp430_21.6.1.LTS\lib\</path>
         <kind>archive</kind>
         <file>rts430x_lc_rd_eabi.lib</file>
         <name>int39.asm.obj</name>
      </input_file>
      <input_file id="fl-ce">
         <path>C:\ti\ccs1220\ccs\tools\compiler\ti-cgt-msp430_21.6.1.LTS\lib\</path>
         <kind>archive</kind>
         <file>rts430x_lc_rd_eabi.lib</file>
         <name>int40.asm.obj</name>
      </input_file>
      <input_file id="fl-cf">
         <path>C:\ti\ccs1220\ccs\tools\compiler\ti-cgt-msp430_21.6.1.LTS\lib\</path>
         <kind>archive</kind>
         <file>rts430x_lc_rd_eabi.lib</file>
         <name>int41.asm.obj</name>
      </input_file>
      <input_file id="fl-d0">
         <path>C:\ti\ccs1220\ccs\tools\compiler\ti-cgt-msp430_21.6.1.LTS\lib\</path>
         <kind>archive</kind>
         <file>rts430x_lc_rd_eabi.lib</file>
         <name>int42.asm.obj</name>
      </input_file>
      <input_file id="fl-d1">
         <path>C:\ti\ccs1220\ccs\tools\compiler\ti-cgt-msp430_21.6.1.LTS\lib\</path>
         <kind>archive</kind>
         <file>rts430x_lc_rd_eabi.lib</file>
         <name>int43.asm.obj</name>
      </input_file>
      <input_file id="fl-d2">
         <path>C:\ti\ccs1220\ccs\tools\compiler\ti-cgt-msp430_21.6.1.LTS\lib\</path>
         <kind>archive</kind>
         <file>rts430x_lc_rd_eabi.lib</file>
         <name>int44.asm.obj</name>
      </input_file>
      <input_file id="fl-d3">
         <path>C:\ti\ccs1220\ccs\tools\compiler\ti-cgt-msp430_21.6.1.LTS\lib\</path>
         <kind>archive</kind>
         <file>rts430x_lc_rd_eabi.lib</file>
         <name>int46.asm.obj</name>
      </input_file>
      <input_file id="fl-d4">
         <path>C:\ti\ccs1220\ccs\tools\compiler\ti-cgt-msp430_21.6.1.LTS\lib\</path>
         <kind>archive</kind>
         <file>rts430x_lc_rd_eabi.lib</file>
         <name>int47.asm.obj</name>
      </input_file>
      <input_file id="fl-d5">
         <path>C:\ti\ccs1220\ccs\tools\compiler\ti-cgt-msp430_21.6.1.LTS\lib\</path>
         <kind>archive</kind>
         <file>rts430x_lc_rd_eabi.lib</file>
         <name>int48.asm.obj</name>
      </input_file>
      <input_file id="fl-d6">
         <path>C:\ti\ccs1220\ccs\tools\compiler\ti-cgt-msp430_21.6.1.LTS\lib\</path>
         <kind>archive</kind>
         <file>rts430x_lc_rd_eabi.lib</file>
         <name>int49.asm.obj</name>
      </input_file>
      <input_file id="fl-d7">
         <path>C:\ti\ccs1220\ccs\tools\compiler\ti-cgt-msp430_21.6.1.LTS\lib\</path>
         <kind>archive</kind>
         <file>rts430x_lc_rd_eabi.lib</file>
         <name>int50.asm.obj</name>
      </input_file>
      <input_file id="fl-d8">
         <path>C:\ti\ccs1220\ccs\tools\compiler\ti-cgt-msp430_21.6.1.LTS\lib\</path>
         <kind>archive</kind>
         <file>rts430x_lc_rd_eabi.lib</file>
         <name>int51.asm.obj</name>
      </input_file>
      <input_file id="fl-d9">
         <path>C:\ti\ccs1220\ccs\tools\compiler\ti-cgt-msp430_21.6.1.LTS\lib\</path>
         <kind>archive</kind>
         <file>rts430x_lc_rd_eabi.lib</file>
         <name>int52.asm.obj</name>
      </input_file>
      <input_file id="fl-da">
         <path>C:\ti\ccs1220\ccs\tools\compiler\ti-cgt-msp430_21.6.1.LTS\lib\</path>
         <kind>archive</kind>
         <file>rts430x_lc_rd_eabi.lib</file>
         <name>int53.asm.obj</name>
      </input_file>
      <input_file id="fl-db">
         <path>C:\ti\ccs1220\ccs\tools\compiler\ti-cgt-msp430_21.6.1.LTS\lib\</path>
         <kind>archive</kind>
         <file>rts430x_lc_rd_eabi.lib</file>
         <name>int54.asm.obj</name>
      </input_file>
      <input_file id="fl-dc">
         <path>C:\ti\ccs1220\ccs\tools\compiler\ti-cgt-msp430_21.6.1.LTS\lib\</path>
         <kind>archive</kind>
         <file>rts430x_lc_rd_eabi.lib</file>
         <name>copy_zero_init.c.obj</name>
      </input_file>
      <input_file id="fl-dd">
         <path>C:\ti\ccs1220\ccs\tools\compiler\ti-cgt-msp430_21.6.1.LTS\lib\</path>
         <kind>archive</kind>
         <file>rts430x_lc_rd_eabi.lib</file>
         <name>fs_add.asm.obj</name>
      </input_file>
      <input_file id="fl-de">
         <path>C:\ti\ccs1220\ccs\tools\compiler\ti-cgt-msp430_21.6.1.LTS\lib\</path>
         <kind>archive</kind>
         <file>rts430x_lc_rd_eabi.lib</file>
         <name>fs_cmp.asm.obj</name>
      </input_file>
      <input_file id="fl-df">
         <path>C:\ti\ccs1220\ccs\tools\compiler\ti-cgt-msp430_21.6.1.LTS\lib\</path>
         <kind>archive</kind>
         <file>rts430x_lc_rd_eabi.lib</file>
         <name>cvtfd.c.obj</name>
      </input_file>
      <input_file id="fl-e0">
         <path>C:\ti\ccs1220\ccs\tools\compiler\ti-cgt-msp430_21.6.1.LTS\lib\</path>
         <kind>archive</kind>
         <file>rts430x_lc_rd_eabi.lib</file>
         <name>fs_div.asm.obj</name>
      </input_file>
      <input_file id="fl-e1">
         <path>C:\ti\ccs1220\ccs\tools\compiler\ti-cgt-msp430_21.6.1.LTS\lib\</path>
         <kind>archive</kind>
         <file>rts430x_lc_rd_eabi.lib</file>
         <name>div16s.asm.obj</name>
      </input_file>
      <input_file id="fl-e2">
         <path>C:\ti\ccs1220\ccs\tools\compiler\ti-cgt-msp430_21.6.1.LTS\lib\</path>
         <kind>archive</kind>
         <file>rts430x_lc_rd_eabi.lib</file>
         <name>div32s.asm.obj</name>
      </input_file>
      <input_file id="fl-e3">
         <path>C:\ti\ccs1220\ccs\tools\compiler\ti-cgt-msp430_21.6.1.LTS\lib\</path>
         <kind>archive</kind>
         <file>rts430x_lc_rd_eabi.lib</file>
         <name>div16u.asm.obj</name>
      </input_file>
      <input_file id="fl-e4">
         <path>C:\ti\ccs1220\ccs\tools\compiler\ti-cgt-msp430_21.6.1.LTS\lib\</path>
         <kind>archive</kind>
         <file>rts430x_lc_rd_eabi.lib</file>
         <name>div32u.asm.obj</name>
      </input_file>
      <input_file id="fl-e5">
         <path>C:\ti\ccs1220\ccs\tools\compiler\ti-cgt-msp430_21.6.1.LTS\lib\</path>
         <kind>archive</kind>
         <file>rts430x_lc_rd_eabi.lib</file>
         <name>fixdi.c.obj</name>
      </input_file>
      <input_file id="fl-e6">
         <path>C:\ti\ccs1220\ccs\tools\compiler\ti-cgt-msp430_21.6.1.LTS\lib\</path>
         <kind>archive</kind>
         <file>rts430x_lc_rd_eabi.lib</file>
         <name>fixdli.c.obj</name>
      </input_file>
      <input_file id="fl-e7">
         <path>C:\ti\ccs1220\ccs\tools\compiler\ti-cgt-msp430_21.6.1.LTS\lib\</path>
         <kind>archive</kind>
         <file>rts430x_lc_rd_eabi.lib</file>
         <name>fs_toi.asm.obj</name>
      </input_file>
      <input_file id="fl-e8">
         <path>C:\ti\ccs1220\ccs\tools\compiler\ti-cgt-msp430_21.6.1.LTS\lib\</path>
         <kind>archive</kind>
         <file>rts430x_lc_rd_eabi.lib</file>
         <name>fs_itof.asm.obj</name>
      </input_file>
      <input_file id="fl-e9">
         <path>C:\ti\ccs1220\ccs\tools\compiler\ti-cgt-msp430_21.6.1.LTS\lib\</path>
         <kind>archive</kind>
         <file>rts430x_lc_rd_eabi.lib</file>
         <name>fs_utof.asm.obj</name>
      </input_file>
      <input_file id="fl-ea">
         <path>C:\ti\ccs1220\ccs\tools\compiler\ti-cgt-msp430_21.6.1.LTS\lib\</path>
         <kind>archive</kind>
         <file>rts430x_lc_rd_eabi.lib</file>
         <name>mpyd.c.obj</name>
      </input_file>
      <input_file id="fl-eb">
         <path>C:\ti\ccs1220\ccs\tools\compiler\ti-cgt-msp430_21.6.1.LTS\lib\</path>
         <kind>archive</kind>
         <file>rts430x_lc_rd_eabi.lib</file>
         <name>frcmpyd.c.obj</name>
      </input_file>
      <input_file id="fl-ec">
         <path>C:\ti\ccs1220\ccs\tools\compiler\ti-cgt-msp430_21.6.1.LTS\lib\</path>
         <kind>archive</kind>
         <file>rts430x_lc_rd_eabi.lib</file>
         <name>fs_mpy.asm.obj</name>
      </input_file>
      <input_file id="fl-ed">
         <path>C:\ti\ccs1220\ccs\tools\compiler\ti-cgt-msp430_21.6.1.LTS\lib\</path>
         <kind>archive</kind>
         <file>rts430x_lc_rd_eabi.lib</file>
         <name>mult16.asm.obj</name>
      </input_file>
      <input_file id="fl-ee">
         <path>C:\ti\ccs1220\ccs\tools\compiler\ti-cgt-msp430_21.6.1.LTS\lib\</path>
         <kind>archive</kind>
         <file>rts430x_lc_rd_eabi.lib</file>
         <name>mult16_f5hw.asm.obj</name>
      </input_file>
      <input_file id="fl-ef">
         <path>C:\ti\ccs1220\ccs\tools\compiler\ti-cgt-msp430_21.6.1.LTS\lib\</path>
         <kind>archive</kind>
         <file>rts430x_lc_rd_eabi.lib</file>
         <name>mult32.asm.obj</name>
      </input_file>
      <input_file id="fl-f0">
         <path>C:\ti\ccs1220\ccs\tools\compiler\ti-cgt-msp430_21.6.1.LTS\lib\</path>
         <kind>archive</kind>
         <file>rts430x_lc_rd_eabi.lib</file>
         <name>mult32_f5hw.asm.obj</name>
      </input_file>
      <input_file id="fl-f1">
         <path>C:\ti\ccs1220\ccs\tools\compiler\ti-cgt-msp430_21.6.1.LTS\lib\</path>
         <kind>archive</kind>
         <file>rts430x_lc_rd_eabi.lib</file>
         <name>mult64.asm.obj</name>
      </input_file>
      <input_file id="fl-f2">
         <path>C:\ti\ccs1220\ccs\tools\compiler\ti-cgt-msp430_21.6.1.LTS\lib\</path>
         <kind>archive</kind>
         <file>rts430x_lc_rd_eabi.lib</file>
         <name>mult64_f5hw.asm.obj</name>
      </input_file>
      <input_file id="fl-f3">
         <path>C:\ti\ccs1220\ccs\tools\compiler\ti-cgt-msp430_21.6.1.LTS\lib\</path>
         <kind>archive</kind>
         <file>rts430x_lc_rd_eabi.lib</file>
         <name>mult1632_f5hw.asm.obj</name>
      </input_file>
      <input_file id="fl-f4">
         <path>C:\ti\ccs1220\ccs\tools\compiler\ti-cgt-msp430_21.6.1.LTS\lib\</path>
         <kind>archive</kind>
         <file>rts430x_lc_rd_eabi.lib</file>
         <name>mult3264_f5hw.asm.obj</name>
      </input_file>
      <input_file id="fl-f5">
         <path>C:\ti\ccs1220\ccs\tools\compiler\ti-cgt-msp430_21.6.1.LTS\lib\</path>
         <kind>archive</kind>
         <file>rts430x_lc_rd_eabi.lib</file>
         <name>mult1632.asm.obj</name>
      </input_file>
      <input_file id="fl-f6">
         <path>C:\ti\ccs1220\ccs\tools\compiler\ti-cgt-msp430_21.6.1.LTS\lib\</path>
         <kind>archive</kind>
         <file>rts430x_lc_rd_eabi.lib</file>
         <name>mult3264.asm.obj</name>
      </input_file>
      <input_file id="fl-f7">
         <path>C:\ti\ccs1220\ccs\tools\compiler\ti-cgt-msp430_21.6.1.LTS\lib\</path>
         <kind>archive</kind>
         <file>rts430x_lc_rd_eabi.lib</file>
         <name>lsl16.asm.obj</name>
      </input_file>
      <input_file id="fl-f8">
         <path>C:\ti\ccs1220\ccs\tools\compiler\ti-cgt-msp430_21.6.1.LTS\lib\</path>
         <kind>archive</kind>
         <file>rts430x_lc_rd_eabi.lib</file>
         <name>lsl32.asm.obj</name>
      </input_file>
      <input_file id="fl-f9">
         <path>C:\ti\ccs1220\ccs\tools\compiler\ti-cgt-msp430_21.6.1.LTS\lib\</path>
         <kind>archive</kind>
         <file>rts430x_lc_rd_eabi.lib</file>
         <name>lsl64.c.obj</name>
      </input_file>
      <input_file id="fl-fa">
         <path>C:\ti\ccs1220\ccs\tools\compiler\ti-cgt-msp430_21.6.1.LTS\lib\</path>
         <kind>archive</kind>
         <file>rts430x_lc_rd_eabi.lib</file>
         <name>asr16.asm.obj</name>
      </input_file>
      <input_file id="fl-fb">
         <path>C:\ti\ccs1220\ccs\tools\compiler\ti-cgt-msp430_21.6.1.LTS\lib\</path>
         <kind>archive</kind>
         <file>rts430x_lc_rd_eabi.lib</file>
         <name>asr32.asm.obj</name>
      </input_file>
      <input_file id="fl-fc">
         <path>C:\ti\ccs1220\ccs\tools\compiler\ti-cgt-msp430_21.6.1.LTS\lib\</path>
         <kind>archive</kind>
         <file>rts430x_lc_rd_eabi.lib</file>
         <name>lsr32.asm.obj</name>
      </input_file>
      <input_file id="fl-fd">
         <path>C:\ti\ccs1220\ccs\tools\compiler\ti-cgt-msp430_21.6.1.LTS\lib\</path>
         <kind>archive</kind>
         <file>rts430x_lc_rd_eabi.lib</file>
         <name>lsr64.c.obj</name>
      </input_file>
      <input_file id="fl-fe">
         <path>C:\ti\ccs1220\ccs\tools\compiler\ti-cgt-msp430_21.6.1.LTS\lib\</path>
         <kind>archive</kind>
         <file>rts430x_lc_rd_eabi.lib</file>
         <name>boot.c.obj</name>
      </input_file>
      <input_file id="fl-ff">
         <path>C:\ti\ccs1220\ccs\ccs_base\msp430\lib\FR59xx\</path>
         <kind>archive</kind>
         <file>MSPMPU_INIT_LIB_CCS_msp430_large_code_restricted_data.lib</file>
         <name>mpu_init.o</name>
      </input_file>
      <input_file id="fl-100">
         <path>C:\ti\ccs1220\ccs\tools\compiler\ti-cgt-msp430_21.6.1.LTS\lib\</path>
         <kind>archive</kind>
         <file>rts430x_lc_rd_eabi.lib</file>
         <name>args_main.c.obj</name>
      </input_file>
      <input_file id="fl-101">
         <path>C:\ti\ccs1220\ccs\tools\compiler\ti-cgt-msp430_21.6.1.LTS\lib\</path>
         <kind>archive</kind>
         <file>rts430x_lc_rd_eabi.lib</file>
         <name>autoinit.c.obj</name>
      </input_file>
      <input_file id="fl-102">
         <path>C:\ti\ccs1220\ccs\tools\compiler\ti-cgt-msp430_21.6.1.LTS\lib\</path>
         <kind>archive</kind>
         <file>rts430x_lc_rd_eabi.lib</file>
         <name>startup.c.obj</name>
      </input_file>
      <input_file id="fl-103">
         <path>C:\ti\ccs1220\ccs\tools\compiler\ti-cgt-msp430_21.6.1.LTS\lib\</path>
         <kind>archive</kind>
         <file>rts430x_lc_rd_eabi.lib</file>
         <name>pre_init.c.obj</name>
      </input_file>
      <input_file id="fl-104">
         <path>C:\ti\ccs1220\ccs\tools\compiler\ti-cgt-msp430_21.6.1.LTS\lib\</path>
         <kind>archive</kind>
         <file>rts430x_lc_rd_eabi.lib</file>
         <name>cpy_tbl.c.obj</name>
      </input_file>
      <input_file id="fl-105">
         <path>C:\ti\ccs1220\ccs\tools\compiler\ti-cgt-msp430_21.6.1.LTS\lib\</path>
         <kind>archive</kind>
         <file>rts430x_lc_rd_eabi.lib</file>
         <name>exit.c.obj</name>
      </input_file>
      <input_file id="fl-106">
         <path>C:\ti\ccs1220\ccs\tools\compiler\ti-cgt-msp430_21.6.1.LTS\lib\</path>
         <kind>archive</kind>
         <file>rts430x_lc_rd_eabi.lib</file>
         <name>exit_gvars.c.obj</name>
      </input_file>
      <input_file id="fl-107">
         <path>C:\ti\ccs1220\ccs\tools\compiler\ti-cgt-msp430_21.6.1.LTS\lib\</path>
         <kind>archive</kind>
         <file>rts430x_lc_rd_eabi.lib</file>
         <name>_lock.c.obj</name>
      </input_file>
      <input_file id="fl-108">
         <path>C:\ti\ccs1220\ccs\tools\compiler\ti-cgt-msp430_21.6.1.LTS\lib\</path>
         <kind>archive</kind>
         <file>rts430x_lc_rd_eabi.lib</file>
         <name>memory.c.obj</name>
      </input_file>
      <input_file id="fl-109">
         <path>C:\ti\ccs1220\ccs\tools\compiler\ti-cgt-msp430_21.6.1.LTS\lib\</path>
         <kind>archive</kind>
         <file>rts430x_lc_rd_eabi.lib</file>
         <name>memcpy.c.obj</name>
      </input_file>
      <input_file id="fl-10a">
         <path>C:\ti\ccs1220\ccs\tools\compiler\ti-cgt-msp430_21.6.1.LTS\lib\</path>
         <kind>archive</kind>
         <file>rts430x_lc_rd_eabi.lib</file>
         <name>memset.c.obj</name>
      </input_file>
      <input_file id="fl-10b">
         <path>C:\ti\ccs1220\ccs\tools\compiler\ti-cgt-msp430_21.6.1.LTS\lib\</path>
         <kind>archive</kind>
         <file>rts430x_lc_rd_eabi.lib</file>
         <name>e_pow.c.obj</name>
      </input_file>
      <input_file id="fl-10c">
         <path>C:\ti\ccs1220\ccs\tools\compiler\ti-cgt-msp430_21.6.1.LTS\lib\</path>
         <kind>archive</kind>
         <file>rts430x_lc_rd_eabi.lib</file>
         <name>addd.c.obj</name>
      </input_file>
      <input_file id="fl-10d">
         <path>C:\ti\ccs1220\ccs\tools\compiler\ti-cgt-msp430_21.6.1.LTS\lib\</path>
         <kind>archive</kind>
         <file>rts430x_lc_rd_eabi.lib</file>
         <name>cmpd.c.obj</name>
      </input_file>
      <input_file id="fl-10e">
         <path>C:\ti\ccs1220\ccs\tools\compiler\ti-cgt-msp430_21.6.1.LTS\lib\</path>
         <kind>archive</kind>
         <file>rts430x_lc_rd_eabi.lib</file>
         <name>divd.c.obj</name>
      </input_file>
      <input_file id="fl-10f">
         <path>C:\ti\ccs1220\ccs\tools\compiler\ti-cgt-msp430_21.6.1.LTS\lib\</path>
         <kind>archive</kind>
         <file>rts430x_lc_rd_eabi.lib</file>
         <name>frcdivd.c.obj</name>
      </input_file>
      <input_file id="fl-110">
         <path>C:\ti\ccs1220\ccs\tools\compiler\ti-cgt-msp430_21.6.1.LTS\lib\</path>
         <kind>archive</kind>
         <file>rts430x_lc_rd_eabi.lib</file>
         <name>fltlid.c.obj</name>
      </input_file>
      <input_file id="fl-111">
         <path>C:\ti\ccs1220\ccs\tools\compiler\ti-cgt-msp430_21.6.1.LTS\lib\</path>
         <kind>archive</kind>
         <file>rts430x_lc_rd_eabi.lib</file>
         <name>negd.c.obj</name>
      </input_file>
      <input_file id="fl-112">
         <path>C:\ti\ccs1220\ccs\tools\compiler\ti-cgt-msp430_21.6.1.LTS\lib\</path>
         <kind>archive</kind>
         <file>rts430x_lc_rd_eabi.lib</file>
         <name>asr64.c.obj</name>
      </input_file>
      <input_file id="fl-113">
         <path>C:\ti\ccs1220\ccs\tools\compiler\ti-cgt-msp430_21.6.1.LTS\lib\</path>
         <kind>archive</kind>
         <file>rts430x_lc_rd_eabi.lib</file>
         <name>subd.c.obj</name>
      </input_file>
      <input_file id="fl-114">
         <path>C:\ti\ccs1220\ccs\tools\compiler\ti-cgt-msp430_21.6.1.LTS\lib\</path>
         <kind>archive</kind>
         <file>rts430x_lc_rd_eabi.lib</file>
         <name>errno.c.obj</name>
      </input_file>
      <input_file id="fl-115">
         <path>C:\ti\ccs1220\ccs\tools\compiler\ti-cgt-msp430_21.6.1.LTS\lib\</path>
         <kind>archive</kind>
         <file>rts430x_lc_rd_eabi.lib</file>
         <name>s_scalbn.c.obj</name>
      </input_file>
      <input_file id="fl-116">
         <path>C:\ti\ccs1220\ccs\tools\compiler\ti-cgt-msp430_21.6.1.LTS\lib\</path>
         <kind>archive</kind>
         <file>rts430x_lc_rd_eabi.lib</file>
         <name>s_copysign.c.obj</name>
      </input_file>
      <input_file id="fl-117">
         <path>C:\ti\ccs1220\ccs\tools\compiler\ti-cgt-msp430_21.6.1.LTS\lib\</path>
         <kind>archive</kind>
         <file>rts430x_lc_rd_eabi.lib</file>
         <name>e_sqrt.c.obj</name>
      </input_file>
      <input_file id="fl-118">
         <path>C:\ti\ccs1220\ccs\tools\compiler\ti-cgt-msp430_21.6.1.LTS\lib\</path>
         <kind>archive</kind>
         <file>rts430x_lc_rd_eabi.lib</file>
         <name>strcat.c.obj</name>
      </input_file>
   </input_file_list>
   <object_component_list>
      <object_component id="oc-9c4">
         <name>.TI.persistent:f_layer1</name>
         <load_address>0x4000</load_address>
         <run_address>0x4000</run_address>
         <size>0x1b00</size>
         <input_file_ref idref="fl-8e"/>
      </object_component>
      <object_component id="oc-9d6">
         <name>.TI.persistent:n_weight2_3</name>
         <load_address>0x5b00</load_address>
         <run_address>0x5b00</run_address>
         <size>0x12c0</size>
         <input_file_ref idref="fl-8e"/>
      </object_component>
      <object_component id="oc-9d9">
         <name>.TI.persistent:f_layer3</name>
         <load_address>0x6dc0</load_address>
         <run_address>0x6dc0</run_address>
         <size>0x800</size>
         <input_file_ref idref="fl-8e"/>
      </object_component>
      <object_component id="oc-9d3">
         <name>.TI.persistent:f_layer2</name>
         <load_address>0x75c0</load_address>
         <run_address>0x75c0</run_address>
         <size>0x6c0</size>
         <input_file_ref idref="fl-8e"/>
      </object_component>
      <object_component id="oc-97b">
         <name>.TI.persistent:f_input</name>
         <load_address>0x7c80</load_address>
         <run_address>0x7c80</run_address>
         <size>0x620</size>
         <input_file_ref idref="fl-8e"/>
      </object_component>
      <object_component id="oc-9df">
         <name>.TI.persistent:f_layer4</name>
         <load_address>0x82a0</load_address>
         <run_address>0x82a0</run_address>
         <size>0x200</size>
         <input_file_ref idref="fl-8e"/>
      </object_component>
      <object_component id="oc-acd">
         <name>.TI.persistent:f_layerLast</name>
         <load_address>0x84a0</load_address>
         <run_address>0x84a0</run_address>
         <size>0x200</size>
         <input_file_ref idref="fl-8e"/>
      </object_component>
      <object_component id="oc-9a8">
         <name>.TI.persistent:n_weight0_1</name>
         <load_address>0x86a0</load_address>
         <run_address>0x86a0</run_address>
         <size>0x12c</size>
         <input_file_ref idref="fl-8e"/>
      </object_component>
      <object_component id="oc-9dc">
         <name>.TI.persistent:n_bias2_3</name>
         <load_address>0x87cc</load_address>
         <run_address>0x87cc</run_address>
         <size>0x20</size>
         <input_file_ref idref="fl-8e"/>
      </object_component>
      <object_component id="oc-9ef">
         <name>.TI.persistent:f_output</name>
         <load_address>0x87ec</load_address>
         <run_address>0x87ec</run_address>
         <size>0x14</size>
         <input_file_ref idref="fl-8e"/>
      </object_component>
      <object_component id="oc-add">
         <name>.TI.persistent:n_bias5_6</name>
         <load_address>0x8800</load_address>
         <run_address>0x8800</run_address>
         <size>0x14</size>
         <input_file_ref idref="fl-8e"/>
      </object_component>
      <object_component id="oc-9c7">
         <name>.TI.persistent:n_bias0_1</name>
         <load_address>0x8814</load_address>
         <run_address>0x8814</run_address>
         <size>0xc</size>
         <input_file_ref idref="fl-8e"/>
      </object_component>
      <object_component id="oc-6ca">
         <name>.sysmem</name>
         <load_address>0x8820</load_address>
         <run_address>0x8820</run_address>
         <size>0x8</size>
         <input_file_ref idref="fl-108"/>
      </object_component>
      <object_component id="oc-c70">
         <name>.sysmem</name>
         <load_address>0x8820</load_address>
         <run_address>0x8820</run_address>
         <size>0x0</size>
      </object_component>
      <object_component id="oc-c6a">
         <name>__TI_handler_table</name>
         <load_address>0xa50a</load_address>
         <run_address>0xa50a</run_address>
         <size>0xc</size>
      </object_component>
      <object_component id="oc-c6e">
         <name>.cinit..leaRAM.load</name>
         <load_address>0xa516</load_address>
         <run_address>0xa516</run_address>
         <size>0x9</size>
      </object_component>
      <object_component id="oc-c6d">
         <name>.cinit..data.load</name>
         <load_address>0xa51f</load_address>
         <run_address>0xa51f</run_address>
         <size>0x8</size>
      </object_component>
      <object_component id="oc-c6c">
         <name>.cinit..bss.load</name>
         <load_address>0xa528</load_address>
         <run_address>0xa528</run_address>
         <size>0x6</size>
      </object_component>
      <object_component id="oc-c6b">
         <name>__TI_cinit_table</name>
         <load_address>0xa52e</load_address>
         <run_address>0xa52e</run_address>
         <size>0x18</size>
      </object_component>
      <object_component id="oc-bf9">
         <name>.binit</name>
         <load_address>0x4000</load_address>
         <run_address>0x4000</run_address>
         <size>0x0</size>
      </object_component>
      <object_component id="oc-6f0">
         <name>.text:_isr:Timer0_A0_ISR</name>
         <load_address>0x8c00</load_address>
         <run_address>0x8c00</run_address>
         <size>0x3a</size>
         <input_file_ref idref="fl-8f"/>
      </object_component>
      <object_component id="oc-720">
         <name>.text:_isr:_c_int00_noargs_mpu</name>
         <load_address>0x8c3a</load_address>
         <run_address>0x8c3a</run_address>
         <size>0x20</size>
         <input_file_ref idref="fl-fe"/>
      </object_component>
      <object_component id="oc-6e5">
         <name>.text:_isr:msp_lea_isr</name>
         <load_address>0x8c5a</load_address>
         <run_address>0x8c5a</run_address>
         <size>0x1c</size>
         <input_file_ref idref="fl-f"/>
      </object_component>
      <object_component id="oc-6eb">
         <name>.text:_isr:__TI_ISR_TRAP</name>
         <load_address>0x8c76</load_address>
         <run_address>0x8c76</run_address>
         <size>0x8</size>
         <input_file_ref idref="fl-b9"/>
      </object_component>
      <object_component id="oc-ada">
         <name>.const:weight5_6</name>
         <load_address>0x8c7e</load_address>
         <run_address>0x8c7e</run_address>
         <size>0x1400</size>
         <input_file_ref idref="fl-8e"/>
      </object_component>
      <object_component id="oc-ad0">
         <name>.const:n_bias4_5</name>
         <load_address>0xa07e</load_address>
         <run_address>0xa07e</run_address>
         <size>0x200</size>
         <input_file_ref idref="fl-8e"/>
      </object_component>
      <object_component id="oc-ac4">
         <name>.const:weight4_5</name>
         <load_address>0xa27e</load_address>
         <run_address>0xa27e</run_address>
         <size>0x200</size>
         <input_file_ref idref="fl-8e"/>
      </object_component>
      <object_component id="oc-bbf">
         <name>.const:msp_shift_right_factor_q15</name>
         <load_address>0xa47e</load_address>
         <run_address>0xa47e</run_address>
         <size>0x20</size>
         <input_file_ref idref="fl-6a"/>
      </object_component>
      <object_component id="oc-853">
         <name>.const:GPIO_PORT_TO_BASE</name>
         <load_address>0xa49e</load_address>
         <run_address>0xa49e</run_address>
         <size>0x1c</size>
         <input_file_ref idref="fl-7f"/>
      </object_component>
      <object_component id="oc-884">
         <name>.const:$P$T0$1</name>
         <load_address>0xa4ba</load_address>
         <run_address>0xa4ba</run_address>
         <size>0x10</size>
         <input_file_ref idref="fl-2"/>
      </object_component>
      <object_component id="oc-a4c">
         <name>.const:bp</name>
         <load_address>0xa4ca</load_address>
         <run_address>0xa4ca</run_address>
         <size>0x10</size>
         <input_file_ref idref="fl-10b"/>
      </object_component>
      <object_component id="oc-a5b">
         <name>.const:dp_h</name>
         <load_address>0xa4da</load_address>
         <run_address>0xa4da</run_address>
         <size>0x10</size>
         <input_file_ref idref="fl-10b"/>
      </object_component>
      <object_component id="oc-a5e">
         <name>.const:dp_l</name>
         <load_address>0xa4ea</load_address>
         <run_address>0xa4ea</run_address>
         <size>0x10</size>
         <input_file_ref idref="fl-10b"/>
      </object_component>
      <object_component id="oc-9ae">
         <name>.const:.string:TAx_ID$1</name>
         <load_address>0xa4fa</load_address>
         <run_address>0xa4fa</run_address>
         <size>0x8</size>
         <input_file_ref idref="fl-8e"/>
      </object_component>
      <object_component id="oc-9af">
         <name>.const:.string:TAx_IDEX_SCALE$2</name>
         <load_address>0xa502</load_address>
         <run_address>0xa502</run_address>
         <size>0x8</size>
         <input_file_ref idref="fl-8e"/>
      </object_component>
      <object_component id="oc-993">
         <name>.text:pow</name>
         <load_address>0x10000</load_address>
         <run_address>0x10000</run_address>
         <size>0x114c</size>
         <input_file_ref idref="fl-10b"/>
      </object_component>
      <object_component id="oc-a27">
         <name>.text:__mspabi_addd</name>
         <load_address>0x1114c</load_address>
         <run_address>0x1114c</run_address>
         <size>0x72a</size>
         <input_file_ref idref="fl-10c"/>
      </object_component>
      <object_component id="oc-92e">
         <name>.text:forward</name>
         <load_address>0x11876</load_address>
         <run_address>0x11876</run_address>
         <size>0x650</size>
         <input_file_ref idref="fl-8e"/>
      </object_component>
      <object_component id="oc-af4">
         <name>.text:__TI_frcdivd</name>
         <load_address>0x11ec6</load_address>
         <run_address>0x11ec6</run_address>
         <size>0x468</size>
         <input_file_ref idref="fl-10f"/>
      </object_component>
      <object_component id="oc-9e2">
         <name>.text:FC_Convolution</name>
         <load_address>0x1232e</load_address>
         <run_address>0x1232e</run_address>
         <size>0x350</size>
         <input_file_ref idref="fl-8e"/>
      </object_component>
      <object_component id="oc-a3d">
         <name>.text:sqrt</name>
         <load_address>0x1267e</load_address>
         <run_address>0x1267e</run_address>
         <size>0x2dc</size>
         <input_file_ref idref="fl-117"/>
      </object_component>
      <object_component id="oc-999">
         <name>.text:__mspabi_mpyd</name>
         <load_address>0x1295a</load_address>
         <run_address>0x1295a</run_address>
         <size>0x292</size>
         <input_file_ref idref="fl-ea"/>
      </object_component>
      <object_component id="oc-ad3">
         <name>.text:add_bias_1d</name>
         <load_address>0x12bec</load_address>
         <run_address>0x12bec</run_address>
         <size>0x24a</size>
         <input_file_ref idref="fl-8e"/>
      </object_component>
      <object_component id="oc-9ca">
         <name>.text:add_bias</name>
         <load_address>0x12e36</load_address>
         <run_address>0x12e36</run_address>
         <size>0x228</size>
         <input_file_ref idref="fl-8e"/>
      </object_component>
      <object_component id="oc-bb7">
         <name>.text:msp_cmplx_shift_q15</name>
         <load_address>0x1305e</load_address>
         <run_address>0x1305e</run_address>
         <size>0x21e</size>
         <input_file_ref idref="fl-54"/>
      </object_component>
      <object_component id="oc-a37">
         <name>.text:__mspabi_divd</name>
         <load_address>0x1327c</load_address>
         <run_address>0x1327c</run_address>
         <size>0x21c</size>
         <input_file_ref idref="fl-10e"/>
      </object_component>
      <object_component id="oc-9e8">
         <name>.text:FC_convolution_last</name>
         <load_address>0x13498</load_address>
         <run_address>0x13498</run_address>
         <size>0x1e6</size>
         <input_file_ref idref="fl-8e"/>
      </object_component>
      <object_component id="oc-b6d">
         <name>.text:msp_shift_q15</name>
         <load_address>0x1367e</load_address>
         <run_address>0x1367e</run_address>
         <size>0x1e4</size>
         <input_file_ref idref="fl-6a"/>
      </object_component>
      <object_component id="oc-aac">
         <name>.text:msp_add_q15</name>
         <load_address>0x13862</load_address>
         <run_address>0x13862</run_address>
         <size>0x19c</size>
         <input_file_ref idref="fl-46"/>
      </object_component>
      <object_component id="oc-b60">
         <name>.text:msp_cmplx_mpy_q15</name>
         <load_address>0x139fe</load_address>
         <run_address>0x139fe</run_address>
         <size>0x194</size>
         <input_file_ref idref="fl-4e"/>
      </object_component>
      <object_component id="oc-a90">
         <name>.text:msp_mac_q15</name>
         <load_address>0x13b92</load_address>
         <run_address>0x13b92</run_address>
         <size>0x18e</size>
         <input_file_ref idref="fl-58"/>
      </object_component>
      <object_component id="oc-b46">
         <name>.text:msp_deinterleave_q15</name>
         <load_address>0x13d20</load_address>
         <run_address>0x13d20</run_address>
         <size>0x182</size>
         <input_file_ref idref="fl-3b"/>
      </object_component>
      <object_component id="oc-bb1">
         <name>.text:msp_cmplx_fft_auto_q15</name>
         <load_address>0x13ea2</load_address>
         <run_address>0x13ea2</run_address>
         <size>0x168</size>
         <input_file_ref idref="fl-25"/>
      </object_component>
      <object_component id="oc-a74">
         <name>.text:__TI_frcmpyd</name>
         <load_address>0x1400a</load_address>
         <run_address>0x1400a</run_address>
         <size>0x164</size>
         <input_file_ref idref="fl-eb"/>
      </object_component>
      <object_component id="oc-a67">
         <name>.text:scalbn</name>
         <load_address>0x1416e</load_address>
         <run_address>0x1416e</run_address>
         <size>0x15a</size>
         <input_file_ref idref="fl-115"/>
      </object_component>
      <object_component id="oc-aa5">
         <name>.text:msp_fill_q15</name>
         <load_address>0x142c8</load_address>
         <run_address>0x142c8</run_address>
         <size>0x158</size>
         <input_file_ref idref="fl-3d"/>
      </object_component>
      <object_component id="oc-b5a">
         <name>.text:msp_cmplx_fft_fixed_q15</name>
         <load_address>0x14420</load_address>
         <run_address>0x14420</run_address>
         <size>0x14c</size>
         <input_file_ref idref="fl-26"/>
      </object_component>
      <object_component id="oc-86b">
         <name>.text:CS_setDCOFreq</name>
         <load_address>0x1456c</load_address>
         <run_address>0x1456c</run_address>
         <size>0x140</size>
         <input_file_ref idref="fl-76"/>
      </object_component>
      <object_component id="oc-bc2">
         <name>.text:msp_copy_q15</name>
         <load_address>0x146ac</load_address>
         <run_address>0x146ac</run_address>
         <size>0x138</size>
         <input_file_ref idref="fl-39"/>
      </object_component>
      <object_component id="oc-ba1">
         <name>.text:msp_cmplx_bitrev_q15</name>
         <load_address>0x147e4</load_address>
         <run_address>0x147e4</run_address>
         <size>0x134</size>
         <input_file_ref idref="fl-24"/>
      </object_component>
      <object_component id="oc-988">
         <name>.text</name>
         <load_address>0x14918</load_address>
         <run_address>0x14918</run_address>
         <size>0x132</size>
         <input_file_ref idref="fl-dd"/>
      </object_component>
      <object_component id="oc-7ea">
         <name>.text:Init_GPIO</name>
         <load_address>0x14a4a</load_address>
         <run_address>0x14a4a</run_address>
         <size>0xfa</size>
         <input_file_ref idref="fl-2"/>
      </object_component>
      <object_component id="oc-ac7">
         <name>.text:fftmultiplication</name>
         <load_address>0x14b44</load_address>
         <run_address>0x14b44</run_address>
         <size>0xe4</size>
         <input_file_ref idref="fl-8e"/>
      </object_component>
      <object_component id="oc-a61">
         <name>.text:__mspabi_cmpd</name>
         <load_address>0x14c28</load_address>
         <run_address>0x14c28</run_address>
         <size>0xd8</size>
         <input_file_ref idref="fl-10d"/>
      </object_component>
      <object_component id="oc-928">
         <name>.text:normalization</name>
         <load_address>0x14d00</load_address>
         <run_address>0x14d00</run_address>
         <size>0xce</size>
         <input_file_ref idref="fl-8e"/>
      </object_component>
      <object_component id="oc-a55">
         <name>.text:__mspabi_fltlid</name>
         <load_address>0x14dce</load_address>
         <run_address>0x14dce</run_address>
         <size>0x9e</size>
         <input_file_ref idref="fl-110"/>
      </object_component>
      <object_component id="oc-887">
         <name>.text:EUSCI_A_UART_init</name>
         <load_address>0x14e6c</load_address>
         <run_address>0x14e6c</run_address>
         <size>0x9a</size>
         <input_file_ref idref="fl-7a"/>
      </object_component>
      <object_component id="oc-983">
         <name>.text</name>
         <load_address>0x14f06</load_address>
         <run_address>0x14f06</run_address>
         <size>0x90</size>
         <input_file_ref idref="fl-e0"/>
      </object_component>
      <object_component id="oc-84">
         <name>.text:decompress:lzss:__TI_decompress_lzss</name>
         <load_address>0x14f96</load_address>
         <run_address>0x14f96</run_address>
         <size>0x76</size>
         <input_file_ref idref="fl-b6"/>
      </object_component>
      <object_component id="oc-85e">
         <name>.text:GPIO_setAsPeripheralModuleFunctionInputPin</name>
         <load_address>0x1500c</load_address>
         <run_address>0x1500c</run_address>
         <size>0x72</size>
         <input_file_ref idref="fl-7f"/>
      </object_component>
      <object_component id="oc-8b2">
         <name>.text:GPIO_setAsPeripheralModuleFunctionOutputPin</name>
         <load_address>0x1507e</load_address>
         <run_address>0x1507e</run_address>
         <size>0x72</size>
         <input_file_ref idref="fl-7f"/>
      </object_component>
      <object_component id="oc-7f6">
         <name>.text:Init_UART</name>
         <load_address>0x150f0</load_address>
         <run_address>0x150f0</run_address>
         <size>0x72</size>
         <input_file_ref idref="fl-2"/>
      </object_component>
      <object_component id="oc-808">
         <name>.text:sendTicks</name>
         <load_address>0x15162</load_address>
         <run_address>0x15162</run_address>
         <size>0x70</size>
         <input_file_ref idref="fl-2"/>
      </object_component>
      <object_component id="oc-877">
         <name>.text:CS_initClockSignal</name>
         <load_address>0x151d2</load_address>
         <run_address>0x151d2</run_address>
         <size>0x6a</size>
         <input_file_ref idref="fl-76"/>
      </object_component>
      <object_component id="oc-a81">
         <name>.text:__mspabi_fixdli</name>
         <load_address>0x1523c</load_address>
         <run_address>0x1523c</run_address>
         <size>0x66</size>
         <input_file_ref idref="fl-e6"/>
      </object_component>
      <object_component id="oc-b66">
         <name>.text:msp_cmplx_ifft_fixed_q15</name>
         <load_address>0x152a2</load_address>
         <run_address>0x152a2</run_address>
         <size>0x66</size>
         <input_file_ref idref="fl-29"/>
      </object_component>
      <object_component id="oc-98d">
         <name>.text:__mspabi_cvtfd</name>
         <load_address>0x15308</load_address>
         <run_address>0x15308</run_address>
         <size>0x64</size>
         <input_file_ref idref="fl-df"/>
      </object_component>
      <object_component id="oc-b29">
         <name>.text:__mpyll</name>
         <load_address>0x1536c</load_address>
         <run_address>0x1536c</run_address>
         <size>0x5c</size>
         <input_file_ref idref="fl-f2"/>
      </object_component>
      <object_component id="oc-764">
         <name>.text:main</name>
         <load_address>0x153c8</load_address>
         <run_address>0x153c8</run_address>
         <size>0x5a</size>
         <input_file_ref idref="fl-2"/>
      </object_component>
      <object_component id="oc-833">
         <name>.text:__TI_auto_init_nobinit_nopinit_hold_wdt:__TI_auto_init_nobinit_nopinit_hold_wdt</name>
         <load_address>0x15422</load_address>
         <run_address>0x15422</run_address>
         <size>0x54</size>
         <input_file_ref idref="fl-101"/>
      </object_component>
      <object_component id="oc-b3e">
         <name>.text:msp_lea_init</name>
         <load_address>0x15476</load_address>
         <run_address>0x15476</run_address>
         <size>0x52</size>
         <input_file_ref idref="fl-e"/>
      </object_component>
      <object_component id="oc-7f0">
         <name>.text:Init_Clock</name>
         <load_address>0x154c8</load_address>
         <run_address>0x154c8</run_address>
         <size>0x44</size>
         <input_file_ref idref="fl-2"/>
      </object_component>
      <object_component id="oc-bdb">
         <name>.text:msp_lea_getRevision</name>
         <load_address>0x1550c</load_address>
         <run_address>0x1550c</run_address>
         <size>0x44</size>
         <input_file_ref idref="fl-10"/>
      </object_component>
      <object_component id="oc-ae4">
         <name>.text:__mspabi_srall</name>
         <load_address>0x15550</load_address>
         <run_address>0x15550</run_address>
         <size>0x40</size>
         <input_file_ref idref="fl-112"/>
      </object_component>
      <object_component id="oc-a1c">
         <name>.text:l_asr_const</name>
         <load_address>0x15590</load_address>
         <run_address>0x15590</run_address>
         <size>0x3e</size>
         <input_file_ref idref="fl-fb"/>
      </object_component>
      <object_component id="oc-b09">
         <name>.text:l_lsl_const</name>
         <load_address>0x155ce</load_address>
         <run_address>0x155ce</run_address>
         <size>0x3e</size>
         <input_file_ref idref="fl-f8"/>
      </object_component>
      <object_component id="oc-afc">
         <name>.text:l_lsr_const</name>
         <load_address>0x1560c</load_address>
         <run_address>0x1560c</run_address>
         <size>0x3e</size>
         <input_file_ref idref="fl-fc"/>
      </object_component>
      <object_component id="oc-934">
         <name>.text:get_result</name>
         <load_address>0x1564a</load_address>
         <run_address>0x1564a</run_address>
         <size>0x3c</size>
         <input_file_ref idref="fl-8e"/>
      </object_component>
      <object_component id="oc-87d">
         <name>.text:CS_turnOnLFXT</name>
         <load_address>0x15686</load_address>
         <run_address>0x15686</run_address>
         <size>0x3a</size>
         <input_file_ref idref="fl-76"/>
      </object_component>
      <object_component id="oc-aea">
         <name>.text:__mspabi_sllll</name>
         <load_address>0x156c0</load_address>
         <run_address>0x156c0</run_address>
         <size>0x3a</size>
         <input_file_ref idref="fl-f9"/>
      </object_component>
      <object_component id="oc-b33">
         <name>.text:__mspabi_srlll</name>
         <load_address>0x156fa</load_address>
         <run_address>0x156fa</run_address>
         <size>0x3a</size>
         <input_file_ref idref="fl-fd"/>
      </object_component>
      <object_component id="oc-7fc">
         <name>.text:setupADC</name>
         <load_address>0x15734</load_address>
         <run_address>0x15734</run_address>
         <size>0x3a</size>
         <input_file_ref idref="fl-2"/>
      </object_component>
      <object_component id="oc-97e">
         <name>.text</name>
         <load_address>0x1576e</load_address>
         <run_address>0x1576e</run_address>
         <size>0x36</size>
         <input_file_ref idref="fl-e8"/>
      </object_component>
      <object_component id="oc-7e4">
         <name>.text:GPIO_setAsOutputPin</name>
         <load_address>0x157a4</load_address>
         <run_address>0x157a4</run_address>
         <size>0x34</size>
         <input_file_ref idref="fl-7f"/>
      </object_component>
      <object_component id="oc-9be">
         <name>.text:MAC_</name>
         <load_address>0x157d8</load_address>
         <run_address>0x157d8</run_address>
         <size>0x34</size>
         <input_file_ref idref="fl-8e"/>
      </object_component>
      <object_component id="oc-a4f">
         <name>.text:__mspabi_subd</name>
         <load_address>0x1580c</load_address>
         <run_address>0x1580c</run_address>
         <size>0x32</size>
         <input_file_ref idref="fl-113"/>
      </object_component>
      <object_component id="oc-ab2">
         <name>.text:reluQ_ar</name>
         <load_address>0x1583e</load_address>
         <run_address>0x1583e</run_address>
         <size>0x30</size>
         <input_file_ref idref="fl-8e"/>
      </object_component>
      <object_component id="oc-a43">
         <name>.text:__mspabi_negd</name>
         <load_address>0x1586e</load_address>
         <run_address>0x1586e</run_address>
[...]
         <value>0xffc6</value>
         <object_component_ref idref="oc-99"/>
      </symbol>
      <symbol id="sm-bc3">
         <name>__TI_int28</name>
         <value>0xffc8</value>
         <object_component_ref idref="oc-9a"/>
      </symbol>
      <symbol id="sm-bc6">
         <name>__TI_int29</name>
         <value>0xffca</value>
         <object_component_ref idref="oc-9b"/>
      </symbol>
      <symbol id="sm-bc9">
         <name>__TI_int30</name>
         <value>0xffcc</value>
         <object_component_ref idref="oc-9c"/>
      </symbol>
      <symbol id="sm-bcc">
         <name>__TI_int31</name>
         <value>0xffce</value>
         <object_component_ref idref="oc-9d"/>
      </symbol>
      <symbol id="sm-bcf">
         <name>__TI_int32</name>
         <value>0xffd0</value>
         <object_component_ref idref="oc-9e"/>
      </symbol>
      <symbol id="sm-bd2">
         <name>__TI_int33</name>
         <value>0xffd2</value>
         <object_component_ref idref="oc-9f"/>
      </symbol>
      <symbol id="sm-bd5">
         <name>__TI_int34</name>
         <value>0xffd4</value>
         <object_component_ref idref="oc-a0"/>
      </symbol>
      <symbol id="sm-bd8">
         <name>__TI_int35</name>
         <value>0xffd6</value>
         <object_component_ref idref="oc-a1"/>
      </symbol>
      <symbol id="sm-bdb">
         <name>__TI_int36</name>
         <value>0xffd8</value>
         <object_component_ref idref="oc-a2"/>
      </symbol>
      <symbol id="sm-bde">
         <name>__TI_int37</name>
         <value>0xffda</value>
         <object_component_ref idref="oc-a3"/>
      </symbol>
      <symbol id="sm-be1">
         <name>__TI_int38</name>
         <value>0xffdc</value>
         <object_component_ref idref="oc-a4"/>
      </symbol>
      <symbol id="sm-be4">
         <name>__TI_int39</name>
         <value>0xffde</value>
         <object_component_ref idref="oc-a5"/>
      </symbol>
      <symbol id="sm-be7">
         <name>__TI_int40</name>
         <value>0xffe0</value>
         <object_component_ref idref="oc-a6"/>
      </symbol>
      <symbol id="sm-bea">
         <name>__TI_int41</name>
         <value>0xffe2</value>
         <object_component_ref idref="oc-a7"/>
      </symbol>
      <symbol id="sm-bed">
         <name>__TI_int42</name>
         <value>0xffe4</value>
         <object_component_ref idref="oc-a8"/>
      </symbol>
      <symbol id="sm-bf0">
         <name>__TI_int43</name>
         <value>0xffe6</value>
         <object_component_ref idref="oc-a9"/>
      </symbol>
      <symbol id="sm-bf3">
         <name>__TI_int44</name>
         <value>0xffe8</value>
         <object_component_ref idref="oc-aa"/>
      </symbol>
      <symbol id="sm-bf6">
         <name>__TI_int46</name>
         <value>0xffec</value>
         <object_component_ref idref="oc-ac"/>
      </symbol>
      <symbol id="sm-bf9">
         <name>__TI_int47</name>
         <value>0xffee</value>
         <object_component_ref idref="oc-ad"/>
      </symbol>
      <symbol id="sm-bfc">
         <name>__TI_int48</name>
         <value>0xfff0</value>
         <object_component_ref idref="oc-ae"/>
      </symbol>
      <symbol id="sm-bff">
         <name>__TI_int49</name>
         <value>0xfff2</value>
         <object_component_ref idref="oc-af"/>
      </symbol>
      <symbol id="sm-c02">
         <name>__TI_int50</name>
         <value>0xfff4</value>
         <object_component_ref idref="oc-b0"/>
      </symbol>
      <symbol id="sm-c05">
         <name>__TI_int51</name>
         <value>0xfff6</value>
         <object_component_ref idref="oc-b1"/>
      </symbol>
      <symbol id="sm-c08">
         <name>__TI_int52</name>
         <value>0xfff8</value>
         <object_component_ref idref="oc-b2"/>
      </symbol>
      <symbol id="sm-c0b">
         <name>__TI_int53</name>
         <value>0xfffa</value>
         <object_component_ref idref="oc-b3"/>
      </symbol>
      <symbol id="sm-c0e">
         <name>__TI_int54</name>
         <value>0xfffc</value>
         <object_component_ref idref="oc-b4"/>
      </symbol>
      <symbol id="sm-c21">
         <name>__TI_zero_init_nomemset</name>
         <value>0x159a2</value>
         <object_component_ref idref="oc-6f6"/>
      </symbol>
      <symbol id="sm-c3c">
         <name>__mspabi_subf</name>
         <value>0x14918</value>
         <object_component_ref idref="oc-988"/>
      </symbol>
      <symbol id="sm-c3d">
         <name>__mspabi_addf</name>
         <value>0x1491e</value>
         <object_component_ref idref="oc-988"/>
      </symbol>
      <symbol id="sm-c51">
         <name>__mspabi_cvtfd</name>
         <value>0x15308</value>
         <object_component_ref idref="oc-98d"/>
      </symbol>
      <symbol id="sm-c63">
         <name>__mspabi_divf</name>
         <value>0x14f06</value>
         <object_component_ref idref="oc-983"/>
      </symbol>
      <symbol id="sm-c6f">
         <name>__mspabi_remi</name>
         <value>0x15922</value>
         <object_component_ref idref="oc-8b8"/>
      </symbol>
      <symbol id="sm-c70">
         <name>__mspabi_divi</name>
         <value>0x15922</value>
         <object_component_ref idref="oc-8b8"/>
      </symbol>
      <symbol id="sm-c7b">
         <name>__mspabi_remu</name>
         <value>0x15ae8</value>
         <object_component_ref idref="oc-93e"/>
      </symbol>
      <symbol id="sm-c7c">
         <name>__mspabi_divu</name>
         <value>0x15ae8</value>
         <object_component_ref idref="oc-93e"/>
      </symbol>
      <symbol id="sm-c8a">
         <name>__mspabi_fixdi</name>
         <value>0x1597a</value>
         <object_component_ref idref="oc-99f"/>
      </symbol>
      <symbol id="sm-c9e">
         <name>__mspabi_fixdli</name>
         <value>0x1523c</value>
         <object_component_ref idref="oc-a81"/>
      </symbol>
      <symbol id="sm-cac">
         <name>__mspabi_fltif</name>
         <value>0x1576e</value>
         <object_component_ref idref="oc-97e"/>
      </symbol>
      <symbol id="sm-cd2">
         <name>__mspabi_mpyd</name>
         <value>0x1295a</value>
         <object_component_ref idref="oc-999"/>
      </symbol>
      <symbol id="sm-cdd">
         <name>__TI_frcmpyd</name>
         <value>0x1400a</value>
         <object_component_ref idref="oc-a74"/>
      </symbol>
      <symbol id="sm-ce7">
         <name>__mspabi_mpyi_f5hw</name>
         <value>0x15aa4</value>
         <object_component_ref idref="oc-967"/>
      </symbol>
      <symbol id="sm-cf0">
         <name>__mspabi_mpyl_f5hw</name>
         <value>0x159c6</value>
         <object_component_ref idref="oc-9b5"/>
      </symbol>
      <symbol id="sm-cf9">
         <name>__mspabi_mpyll_f5hw</name>
         <value>0x1536c</value>
         <object_component_ref idref="oc-b29"/>
      </symbol>
      <symbol id="sm-d02">
         <name>__mspabi_mpyull_f5hw</name>
         <value>0x158f6</value>
         <object_component_ref idref="oc-b2e"/>
      </symbol>
      <symbol id="sm-d0d">
         <name>__mspabi_slli</name>
         <value>0x15b7e</value>
         <object_component_ref idref="oc-bc8"/>
      </symbol>
      <symbol id="sm-d1d">
         <name>__mspabi_slll_9</name>
         <value>0x155e6</value>
         <object_component_ref idref="oc-b09"/>
      </symbol>
      <symbol id="sm-d1e">
         <name>__mspabi_slll_8</name>
         <value>0x155ea</value>
         <object_component_ref idref="oc-b09"/>
      </symbol>
      <symbol id="sm-d1f">
         <name>__mspabi_slll_7</name>
         <value>0x155ee</value>
         <object_component_ref idref="oc-b09"/>
      </symbol>
      <symbol id="sm-d20">
         <name>__mspabi_slll_6</name>
         <value>0x155f2</value>
         <object_component_ref idref="oc-b09"/>
      </symbol>
      <symbol id="sm-d21">
         <name>__mspabi_slll_5</name>
         <value>0x155f6</value>
         <object_component_ref idref="oc-b09"/>
      </symbol>
      <symbol id="sm-d22">
         <name>__mspabi_slll_4</name>
         <value>0x155fa</value>
         <object_component_ref idref="oc-b09"/>
      </symbol>
      <symbol id="sm-d23">
         <name>__mspabi_slll_3</name>
         <value>0x155fe</value>
         <object_component_ref idref="oc-b09"/>
      </symbol>
      <symbol id="sm-d24">
         <name>__mspabi_slll_2</name>
         <value>0x15602</value>
         <object_component_ref idref="oc-b09"/>
      </symbol>
      <symbol id="sm-d25">
         <name>__mspabi_slll_1</name>
         <value>0x15606</value>
         <object_component_ref idref="oc-b09"/>
      </symbol>
      <symbol id="sm-d26">
         <name>__mspabi_slll</name>
         <value>0x15b46</value>
         <object_component_ref idref="oc-9b0"/>
      </symbol>
      <symbol id="sm-d27">
         <name>__mspabi_slll_15</name>
         <value>0x155ce</value>
         <object_component_ref idref="oc-b09"/>
      </symbol>
      <symbol id="sm-d28">
         <name>__mspabi_slll_14</name>
         <value>0x155d2</value>
         <object_component_ref idref="oc-b09"/>
      </symbol>
      <symbol id="sm-d29">
         <name>__mspabi_slll_13</name>
         <value>0x155d6</value>
         <object_component_ref idref="oc-b09"/>
      </symbol>
      <symbol id="sm-d2a">
         <name>__mspabi_slll_12</name>
         <value>0x155da</value>
         <object_component_ref idref="oc-b09"/>
      </symbol>
      <symbol id="sm-d2b">
         <name>__mspabi_slll_11</name>
         <value>0x155de</value>
         <object_component_ref idref="oc-b09"/>
      </symbol>
      <symbol id="sm-d2c">
         <name>__mspabi_slll_10</name>
         <value>0x155e2</value>
         <object_component_ref idref="oc-b09"/>
      </symbol>
      <symbol id="sm-d39">
         <name>__mspabi_sllll</name>
         <value>0x156c0</value>
         <object_component_ref idref="oc-aea"/>
      </symbol>
      <symbol id="sm-d4a">
         <name>__mspabi_sral</name>
         <value>0x15b36</value>
         <object_component_ref idref="oc-a2d"/>
      </symbol>
      <symbol id="sm-d4b">
         <name>__mspabi_sral_15</name>
         <value>0x15590</value>
         <object_component_ref idref="oc-a1c"/>
      </symbol>
      <symbol id="sm-d4c">
         <name>__mspabi_sral_14</name>
         <value>0x15594</value>
         <object_component_ref idref="oc-a1c"/>
      </symbol>
      <symbol id="sm-d4d">
         <name>__mspabi_sral_13</name>
         <value>0x15598</value>
         <object_component_ref idref="oc-a1c"/>
      </symbol>
      <symbol id="sm-d4e">
         <name>__mspabi_sral_12</name>
         <value>0x1559c</value>
         <object_component_ref idref="oc-a1c"/>
      </symbol>
      <symbol id="sm-d4f">
         <name>__mspabi_sral_11</name>
         <value>0x155a0</value>
         <object_component_ref idref="oc-a1c"/>
      </symbol>
      <symbol id="sm-d50">
         <name>__mspabi_sral_10</name>
         <value>0x155a4</value>
         <object_component_ref idref="oc-a1c"/>
      </symbol>
      <symbol id="sm-d51">
         <name>__mspabi_sral_8</name>
         <value>0x155ac</value>
         <object_component_ref idref="oc-a1c"/>
      </symbol>
      <symbol id="sm-d52">
         <name>__mspabi_sral_9</name>
         <value>0x155a8</value>
         <object_component_ref idref="oc-a1c"/>
      </symbol>
      <symbol id="sm-d53">
         <name>__mspabi_sral_6</name>
         <value>0x155b4</value>
         <object_component_ref idref="oc-a1c"/>
      </symbol>
      <symbol id="sm-d54">
         <name>__mspabi_sral_7</name>
         <value>0x155b0</value>
         <object_component_ref idref="oc-a1c"/>
      </symbol>
      <symbol id="sm-d55">
         <name>__mspabi_sral_4</name>
         <value>0x155bc</value>
         <object_component_ref idref="oc-a1c"/>
      </symbol>
      <symbol id="sm-d56">
         <name>__mspabi_sral_5</name>
         <value>0x155b8</value>
         <object_component_ref idref="oc-a1c"/>
      </symbol>
      <symbol id="sm-d57">
         <name>__mspabi_sral_2</name>
         <value>0x155c4</value>
         <object_component_ref idref="oc-a1c"/>
      </symbol>
      <symbol id="sm-d58">
         <name>__mspabi_sral_3</name>
         <value>0x155c0</value>
         <object_component_ref idref="oc-a1c"/>
      </symbol>
      <symbol id="sm-d59">
         <name>__mspabi_sral_1</name>
         <value>0x155c8</value>
         <object_component_ref idref="oc-a1c"/>
      </symbol>
      <symbol id="sm-d69">
         <name>__mspabi_srll_8</name>
         <value>0x15628</value>
         <object_component_ref idref="oc-afc"/>
      </symbol>
      <symbol id="sm-d6a">
         <name>__mspabi_srll_9</name>
         <value>0x15624</value>
         <object_component_ref idref="oc-afc"/>
      </symbol>
      <symbol id="sm-d6b">
         <name>__mspabi_srll_6</name>
         <value>0x15630</value>
         <object_component_ref idref="oc-afc"/>
      </symbol>
      <symbol id="sm-d6c">
         <name>__mspabi_srll_7</name>
         <value>0x1562c</value>
         <object_component_ref idref="oc-afc"/>
      </symbol>
      <symbol id="sm-d6d">
         <name>__mspabi_srll_4</name>
         <value>0x15638</value>
         <object_component_ref idref="oc-afc"/>
      </symbol>
      <symbol id="sm-d6e">
         <name>__mspabi_srll_5</name>
         <value>0x15634</value>
         <object_component_ref idref="oc-afc"/>
      </symbol>
      <symbol id="sm-d6f">
         <name>__mspabi_srll_2</name>
         <value>0x15640</value>
         <object_component_ref idref="oc-afc"/>
      </symbol>
      <symbol id="sm-d70">
         <name>__mspabi_srll_3</name>
         <value>0x1563c</value>
         <object_component_ref idref="oc-afc"/>
      </symbol>
      <symbol id="sm-d71">
         <name>__mspabi_srll_1</name>
         <value>0x15644</value>
         <object_component_ref idref="oc-afc"/>
      </symbol>
      <symbol id="sm-d72">
         <name>__mspabi_srll_15</name>
         <value>0x1560c</value>
         <object_component_ref idref="oc-afc"/>
      </symbol>
      <symbol id="sm-d73">
         <name>__mspabi_srll_14</name>
         <value>0x15610</value>
         <object_component_ref idref="oc-afc"/>
      </symbol>
      <symbol id="sm-d74">
         <name>__mspabi_srll_13</name>
         <value>0x15614</value>
         <object_component_ref idref="oc-afc"/>
      </symbol>
      <symbol id="sm-d75">
         <name>__mspabi_srll_12</name>
         <value>0x15618</value>
         <object_component_ref idref="oc-afc"/>
      </symbol>
      <symbol id="sm-d76">
         <name>__mspabi_srll_11</name>
         <value>0x1561c</value>
         <object_component_ref idref="oc-afc"/>
      </symbol>
      <symbol id="sm-d77">
         <name>__mspabi_srll_10</name>
         <value>0x15620</value>
         <object_component_ref idref="oc-afc"/>
      </symbol>
      <symbol id="sm-d78">
         <name>__mspabi_srll</name>
         <value>0x15b56</value>
         <object_component_ref idref="oc-a32"/>
      </symbol>
      <symbol id="sm-d85">
         <name>__mspabi_srlll</name>
         <value>0x156fa</value>
         <object_component_ref idref="oc-b33"/>
      </symbol>
      <symbol id="sm-d95">
         <name>_c_int00_noargs_mpu</name>
         <value>0x8c3a</value>
         <object_component_ref idref="oc-720"/>
      </symbol>
      <symbol id="sm-d96">
         <name>_stack</name>
         <value>0x2b60</value>
         <object_component_ref idref="oc-6c6"/>
      </symbol>
      <symbol id="sm-d97">
         <name>_reset_vector</name>
         <value>0xfffe</value>
         <object_component_ref idref="oc-6c9"/>
      </symbol>
      <symbol id="sm-da0">
         <name>__mpu_init</name>
         <value>0x158ca</value>
         <object_component_ref idref="oc-776"/>
      </symbol>
      <symbol id="sm-dc4">
         <name>__TI_auto_init_nobinit_nopinit_hold_wdt</name>
         <value>0x15422</value>
         <object_component_ref idref="oc-833"/>
      </symbol>
      <symbol id="sm-dcd">
         <name>_system_post_cinit</name>
         <value>0x15b9e</value>
         <object_component_ref idref="oc-8dc"/>
      </symbol>
      <symbol id="sm-dd6">
         <name>_system_pre_init</name>
         <value>0x15b9a</value>
         <object_component_ref idref="oc-75e"/>
      </symbol>
      <symbol id="sm-de6">
         <name>C$$EXIT</name>
         <value>0x15b94</value>
         <object_component_ref idref="oc-80f"/>
      </symbol>
      <symbol id="sm-de7">
         <name>abort</name>
         <value>0x15b94</value>
         <object_component_ref idref="oc-80f"/>
      </symbol>
      <symbol id="sm-dfd">
         <name>_sys_memory</name>
         <value>0x8820</value>
         <object_component_ref idref="oc-6ca"/>
      </symbol>
      <symbol id="sm-e0b">
         <name>memcpy</name>
         <value>0x15afe</value>
         <object_component_ref idref="oc-6d8"/>
      </symbol>
      <symbol id="sm-ea3">
         <name>pow</name>
         <value>0x10000</value>
         <object_component_ref idref="oc-993"/>
      </symbol>
      <symbol id="sm-ea4">
         <name>powl</name>
         <value>0x10000</value>
         <object_component_ref idref="oc-993"/>
      </symbol>
      <symbol id="sm-ede">
         <name>__mspabi_addd</name>
         <value>0x1114c</value>
         <object_component_ref idref="oc-a27"/>
      </symbol>
      <symbol id="sm-ef8">
         <name>__mspabi_cmpd</name>
         <value>0x14c28</value>
         <object_component_ref idref="oc-a61"/>
      </symbol>
      <symbol id="sm-f19">
         <name>__mspabi_divd</name>
         <value>0x1327c</value>
         <object_component_ref idref="oc-a37"/>
      </symbol>
      <symbol id="sm-f34">
         <name>__TI_frcdivd</name>
         <value>0x11ec6</value>
         <object_component_ref idref="oc-af4"/>
      </symbol>
      <symbol id="sm-f4c">
         <name>__mspabi_fltlid</name>
         <value>0x14dce</value>
         <object_component_ref idref="oc-a55"/>
      </symbol>
      <symbol id="sm-f55">
         <name>__mspabi_negd</name>
         <value>0x1586e</value>
         <object_component_ref idref="oc-a43"/>
      </symbol>
      <symbol id="sm-f62">
         <name>__mspabi_srall</name>
         <value>0x15550</value>
         <object_component_ref idref="oc-ae4"/>
      </symbol>
      <symbol id="sm-f6b">
         <name>__mspabi_subd</name>
         <value>0x1580c</value>
         <object_component_ref idref="oc-a4f"/>
      </symbol>
      <symbol id="sm-f72">
         <name>errno</name>
         <value>0x1c5a</value>
         <object_component_ref idref="oc-a49"/>
      </symbol>
      <symbol id="sm-f90">
         <name>scalbn</name>
         <value>0x1416e</value>
         <object_component_ref idref="oc-a67"/>
      </symbol>
      <symbol id="sm-f91">
         <name>scalbnl</name>
         <value>0x1416e</value>
         <object_component_ref idref="oc-a67"/>
      </symbol>
      <symbol id="sm-f92">
         <name>ldexpl</name>
         <value>0x1416e</value>
         <object_component_ref idref="oc-a67"/>
      </symbol>
      <symbol id="sm-f93">
         <name>ldexp</name>
         <value>0x1416e</value>
         <object_component_ref idref="oc-a67"/>
      </symbol>
      <symbol id="sm-f9c">
         <name>copysign</name>
         <value>0x1589c</value>
         <object_component_ref idref="oc-b15"/>
      </symbol>
      <symbol id="sm-f9d">
         <name>copysignl</name>
         <value>0x1589c</value>
         <object_component_ref idref="oc-b15"/>
      </symbol>
      <symbol id="sm-fc8">
         <name>sqrtl</name>
         <value>0x1267e</value>
         <object_component_ref idref="oc-a3d"/>
      </symbol>
      <symbol id="sm-fc9">
         <name>sqrt</name>
         <value>0x1267e</value>
         <object_component_ref idref="oc-a3d"/>
      </symbol>
   </symbol_table>
   <title>Link successful</title>
</link_info>
